<html style="background-color:#edecec">

<head>
    <meta charset="utf-8">
    <meta name="robots" content="noindex,nofollow">
    <meta name="generator" content="Matomo Analytics">
</head>

<body style="color:#212121;font-family:-apple-system, BlinkMacSystemFont, 'Segoe UI', Roboto, Oxygen-Sans, Cantarell, 'Helvetica Neue', sans-serif; line-height: 24px; margin:0 auto; max-width:1000px; background-color:rgb(255, 255, 255);box-shadow: 0px 0px 5px 1px rgba(0,0,0,0.75);">

<a name="reportTop"></a>

<table style="width:100%; background-color: &#x23;3450A3; color: &#x23;fff; padding:10px 0; margin: 0 0 25px 0; height:64px;">
    <tr>
        <td>
            <a style="color:#212121;font-family:-apple-system, BlinkMacSystemFont, 'Segoe UI', Roboto, Oxygen-Sans, Cantarell, 'Helvetica Neue', sans-serif;; font-size:16px;padding:0 15px;padding-bottom: 8px;color: &#x23;fff;height: 22px;display: inline-block;vertical-align: inherit;" rel="noreferrer noopener" target="_blank" href="http://example.com/piwik/tests/PHPUnit/proxy/">
                                    <img src="http://example.com/piwik/tests/PHPUnit/proxy//plugins/Morpheus/images/logo-email.png" height="30px" width="auto" alt="Matomo,&#x20;free&#x2F;libre&#x20;analytics&#x20;platform" />
                            </a>
        </td>
        <td align="right">
                        <a style="color:#212121;font-family:-apple-system, BlinkMacSystemFont, 'Segoe UI', Roboto, Oxygen-Sans, Cantarell, 'Helvetica Neue', sans-serif;; font-size:16px; padding:0 15px; color: &#x23;fff" title="View Web Analytics reports for A very long name for a very tiny test site, that also reaches the 90 character limit fully." target="_blank" href="http://example.com/piwik/tests/PHPUnit/proxy/index.php?module=CoreHome&action=redirectToCoreHomeIndex&idSite=1&period=day&date=today-date-removed-in-tests">
                Dashboard
            </a>
                    </td>
    </tr>
</table>

<div style="margin:0 20px 25px 20px;">

    <h2 style='color:#212121;font-family:-apple-system, BlinkMacSystemFont, &#039;Segoe UI&#039;, Roboto, Oxygen-Sans, Cantarell, &#039;Helvetica Neue&#039;, sans-serif; color:#37474f; line-height:30px; margin:25px 0 15px 0;'>
        Hello,
    </h2>

    <p style='font-size:15px;line-height:24px;margin:0 0 16px;color:#212121;font-family:-apple-system, BlinkMacSystemFont, &#039;Segoe UI&#039;, Roboto, Oxygen-Sans, Cantarell, &#039;Helvetica Neue&#039;, sans-serif;'>
                Please find below your day report for A very long name for a very tiny test site, that also reaches the 90 character limit fully.
                <br />Mail Test report (previous default)
        <br />Date range: week April 4 – 10, 2011
        <br />Sent from http://example.com/piwik/tests/PHPUnit/proxy/.
    </p>

    
    
<h2 id="Actions_getPageTitles" style=" color:#0d0d0d;font-family:-apple-system, BlinkMacSystemFont, &#039;Segoe UI&#039;, Roboto, Oxygen-Sans, Cantarell, &#039;Helvetica Neue&#039;, sans-serif; font-size: 24pt; font-weight:normal; margin:45px 0 30px 0;">
    Page titles
</h2>

            <img alt=""
                                    src="data:image/png;base64,iVBORw0KGgoAAAANSUhEUgAAArwAAADICAIAAACF9KXqAAAACXBIWXMAAA7EAAAOxAGVKw4bAAAdtklEQVR4nO3de4wdV33A8dn13V2/1uvY17tre+14s9CQkIDBdjAxxqau8wDycrN4EY8NSRsJKCAXCOWPKhOpLS1CNf2DVkIVFX+1lkocKGqQIFKjKBIUR4pQUyWYrQthg9NdWPkZe3ft2z/GGU9m5pw5Z86ZO2fmfj+yrLl35zzmzLkzv3vOzNyuVqvlJYyNjU1NTSXfBwAAHas7+dbY2Fj76wEAABwXDxoYYwAAAKneEDQQMQAAAJFGuCSKGKanp6MvX3311eHhYUmOFy5c6O7u7u3ttVVFoCD0VVQFfRWOaERfRK9myD3qMD8/32g06NxwH30VVUFfhSO6rN89MT093dfX12w2zSoGFI6+iqqgr8IRKXdPAAAAJDWyVynAfx2fKaVcIGpm9nRvb8/JuZTBtlq66c3ryq4CgGpLH2ngHgoAABDD9AQAAFBC0GDknjt2tj/De+7YGfyzW3QbVLHOlUMjAyiOK0FD6pEueJODYNQ9d+z87g9+HPzLXLM9VVIU1NwTV0xe4UI3J4zD2hyNFVHWd3/wY9d2PYDacCVokMg8O1aOxWO6JKt2tlvmFoURQ25Fb04YirXzpFvQRhE3ACiIK0FD8jBnfpoB8uGkCwCpyrnlUks0eggP5dF3MpdjWYkyCd6XlBV7P7WGmXWOzblIAqPUeob/hxWW1DNYJ3YK1Coxtr3hJkSbK3OLtOI/UYVTmzRcQWsX6BK1XrIaouJE1TPs25LdmtomAGCoAkFDKDMmMMkklqH6arrFKR7NUwuNpc2RVfKlvERR2hzVUCevsPkusFIZUTXyFZcjleJuBQCLXJme8N44Jiz/4uiJpzMyTyGiTCTH3+iXaa3jcjKf3AlNRstznIGiAUHuPHOTj4UY7gKVloyFROrVEBUXK1d+vs/Xt4kYALSBhZGGA4eOqq/8+OH7cheUetDMHJquKHfm1N2pST6K9ZcM9Wu1QL7mytG3kxNqAFC0dk9P+L7v+36+tB11cHRkY3XnAhyk2JKi1XRbQDI2k7yOQbeSqakIHQC0jYWg4fHD9/m+Pzo6Grycm5trNBr9/f2pK584Icsq95en5NcvmKvBgI0hF1ogs2+nXmMBAEWwc02D7/uTrxsfH5+YmJgUMBlmSE70hn9KrqySp+g4K5qBTr4vylaUj0qtkgm10uajUlVbdUg9+Sme8wx3gSSJisw9Ky9OMsyQo28THANovyrdPRE7tub7XqWYg+gaydj7qZe5pa4TzUeUuagCiqsZftFMZiXZLq1qJE+WyazUK2+yC7QKUs/WvLgcqeRJGHgAUISuVsvy7wJPT0/39fU1m03JOmX9NDZH0rIU1/ImOc/Mzvb29gysGii3GkVIrQ8/jV1dKsdVoA0cuuUSNVa/a00kt1CWzrX6AKiNKk1PoNJEM/oVZXFiyK46NTIA15QzPQG4gL6KqqCvwhFMTwAAACXlTE8s/vrpUsoFopbMzHb19ixesHAhpAsaI3vKrgKAmmOkAQAAKCFoAAAASuofNFy/58GyqyDjePW01GlbnEUjAyiRc7dcBsfEl57+VtkVSRc7ZDtbz/a7fs+DQWuEC6IV5MkLqlv0Zdv2WhEb9dLT3yq0rQBAwrmgwYpCj6rRnMs6fLt22jCvT9GbU8peK6gU4gYAZXFreiI4FAbHxLLroqRCVUWIvQYA+VRgpCGIJKJH+di3xtibwTuxs4JW8rA49S9zqamSmScrE00ueieWT2wDUxOqFJ3aDrE/ifKRV15CtDdTtzdcQat9dJm3iah68krG/ppcFlXMY7ABQEkqEDR4iYNy6vR5uJw8WGslTxZnWEl55plfeZNpM08Y6kWnXoUQVsm8TTKrp/JSPbcclbzl7kNtaJMcqeTNAgClcGt6QkTlwjrJmLNuct3vzclUosx1D/3JfFRSaW2X4nWLFof0LV4Oma+S0VT/+b3D6tUQFRcrV36+T1YyOfqSRMQAwAUWRhrO/N3S6MtVwZuClfs/d0GUT+wE3IavVvnOgpJBY/dpbXIlJv4VKynZa21ok9RU8mmXHHNkAFC0dk9P+L7v+77or20+S+U7HFf3IK478l+JLc0x+hKVnJ7Il08YAaQGuyY9jdABgDssBA39n7vg+/7o6Gjwcm5urtFo9Pf3p689d0KSldbhG1qYFE/adf8jqdMT7ZQcWohJvcYCAEph55oG3/cnXzc+Pj4xMTEpIBpmSB4TVWZ5JRPJmVKnltWTa2UuOjGISoxehaCyvoRkel5eRO72Sd1xinvHsH3UK6mVrWJxkmEGUSrJmARBMwAHVePuCRHRVX6KF8TFVrP7TU6lbqIr6VLXieYjv7wxdaPUixCdIzNH5lMzl6cV5RZbVqy8VkGe5z37r1+95e5DmdmaF5cjlTwJAw8AStHVarXs5jg9Pd3X19dsNiXr8NPYxTE/neTIobhzWKFnx9mZ2Z7enoGB7J/Gdu0knVoffhq7xlSOq0AbVOOWSxTKZJYnYPGGTEeYt0lxXKsPgM5R7ekJWJH5LAf1TGpzMrPSJkWoUyMDqJxypicAF9BXURX0VTiC6QkAAOAdOHT0wKGj8wuXJOuUMz1x5tgrpZQLRF2c/W2rp+fMwHzZFQHi+rdvKLsK6CxhrHD2/PyagWWi1RhpAACg08387lywsLp/qWQ1ggYAADrdZ/76Kc/zdr5tQ3d3l2S1+gcNWw/uLrsKMo5Xrwjt2eQcpXTgvpCgNdqARoZrRoZWyldwLmjYenC3yx+koHrhv7Kr4zrXmsi1+thlceu2Htz9/JFnJHnKyyq0ncv6DBZR1vNHnql3n0TlbBpaJV/BuaDBikI/h88feSb8V9YHvioHmuDE45Va4WjRYX3KrUZBbG1dGDGUXhNJ/u3/DBa0UcQNcMrmDZUKGoKjVYU+RRWqKlBLfAYBc+fOX7mJ7Nr1GY/Vr8ATIYNIQvR9MXw/9qU2dhzRSh4Wp/7dIjVVMvNkZaLJRe/E8oltYGpClaJT2yH2J1E+onommzGsjOIeydyW5MvMpouVJW8ixQ2XrJbctNRdptg9JPsi1uskfUZUsdQtytftY5smGmSK1TNZqGLLS6oUq4yoGqLiRNWTV1L+QZBUzBO0CdBOr8yeU1yzAkGDl/gYRz+HyQ9n8uOtlTxZnGEl5ZlnfklKps08xKgXnXreDatk3iYB9T2SuS2e9OCuUnQ07czsbG9PT+Y5TCtgSt205C7T7R5afVW9YqnbpUWerXlvt1IZuz08R6qCGh+w5UuH/8PzvL07Nmeu6db0hIjou2D0/efFo5S6yXW/aSVTiTLXPVgk81FJpbVdoiqpN290/cyzgqQmKmvaOtRKNk1xw0W7JscpJLN7aPVVxfoX0ZLymmTS7XLJVFZ6uLw/ZFZS5YNAxAA3bR7OuKDBszLS8Nz2bybf/KVg5W3HHhblE/vwtyEYVzzDSVJV7sOvtckqK6fuqap/kcrXMbSSGxaRI/PoSbG4og0pNovkM2i9hyumkn8QKtH4wKbh/sx12j094fu+7/uivxZ6JE3K9wGu7sded6y4ultqyGTDFRu50LYVZR6O1RddgdxyjKVF2erhYQSQGv6aHDdcbnzg2g0ZV0F6VoKGbcce9n1/dHQ0eDk3N9doNPr7BQHLCVlWWh94aCn023/yG1VnqsQQS+o0fw24sEWZH4S6Nj4q7XenXgsWmquFPzkRsnNNg+/7k68bHx+fmJiYFBANMyQ/RSrzgpKpx0ypk5HqybUyFx1KRCVGZ6xV1peQTOjKi1BvH1tfxawwbyLFDVfZNZIWSy1CcV/Iu7oo83zdO/VjqPhZM+ztkiQqDHu4ZJhBlEryQejkSBrue/nVM+orV+PuCRHRFWGK33djq9k91anUTXTtVeo60XwyL4WLZpVMIi9CdFQ1aZ/iRiAk2yUpWr5dihue3AvqjSwqQnG/pNZHXn+tjZJ/mtR7gklv1ypIPVvz4nKkkidh4AHleuwfnvU87649b1JZuavVatktfnp6uq+vr9lsStbhp7GLY34Aqv0hLNzA4JbLgYHsabyylLIviivUka7lSDVCqfWJ/TS2ynEVyOfAoaOe533yQ+/Y/+4tmStX45ZLFMpklgd2ubAv6ndhigutKuJafdCxVG6d8Ko+PQErtIa+UShH9oVoRr+iHGnVpDo1Mirq0qXLwcLGQaWgoZzpCcAF9FVUBX0VBfn1yTOf/ZsfeZ73+OH7VNZnegIAgA4VRAzv3bZJcf1ypideOaZxgwdQkN/OXuzpac0P0BuRbsN2pQFboOo2Dq5UXJORBgAAOhpBAwAAUDKidhWk1wlBw+6DW8uugozj1StCB25ybrRVG9DI6FjnLywEC8PrKjvSsPvgVpc/w0H1wn9lV8d1NJGJ3Qe3PnPkeU/cjPLmLbTxy/ogFFHWM0eep6OiM02//gDp3p4likmcCxqsKPQQ8MyR58N/ZR1rqnKMC855XhUq7FoNw4ghN8PkKvm3/4NQ0EYRN6AzfenrT3ue94Hd16kncStoCA6UFfoAV6iqQHH4IADVNdRcob5yBZ4IGUQS0UNS9NtG+H7sS23sEKaVPCxO/WtNaqpk5snKRJOL3onlE9vA1IQqRae2Q+xPonxE9Uw2Y1gZxT0i2hBRheX7KHW1aJ7f/+bTnqBJFXefpK1ivUK+l1XeF21jakOldqFwBa0up8u8m4mqJ6+kvDdKKuYJ2gToBBuVL2jwKhE0eIkjSPQQkDwuJI8sWsmTxRlWUp555vezZNrMo5t60cl2iFbJvE0C6ntEsiGiCksqJjpthG/Ozs588OE9qU2qu/vs9iVd8vY073JWKmO3m+VIpdjrgE6zab3Gj/a5NT0honJGkQyQ6ibX/ZKXTCXKXPc4lcxHJZXWdimesCXNG10/84QkqYniaooVEzVdjrNL5u5T7Euxqlo8aSlGkCp093sylZVuJm+rzEqq9EYiBnS4udMXgoXm6mXqqSyMNHxz+3Npb/8ydeWHj20T5RM77rThe4DiGU6SqnLHHa1NVlk5dU85/h1O8SzYhpq4SXHbJR8E691MMZW8N0YjkhwlAjXz0KNP5kjV7ukJ3/d93xf9tc1H6nzHjuoecXSHqau7pRKx6Yn7Pr0/dbWCtv2ZyHUezjavyTiQZ6+bydvK5MNL6ACE7t9/vdb6FoKGh49t831/dHQ0eDk3N9doNPr7BY+XOiHLSutYAy2FnqWSX+bc5PKpuh5caOHM3ph6jQXQmYbWatw64dm6psH3/cnXjY+PT0xMTAqIhhmSH2CVKUmTGeLUeVD15FqZi45iohKjM+Iq60tI5pLlRai3j61vgYoU97tK00mGGVK3XbGt5F0xxzBD6mdBMRPDLidJosKwm0mGGUSpJL3R5XAWKIvWrRNeVe6eEFG84kwluWf7VKdSN9FlX6nrRPORX96YulHqRYgO6CbtY3cEQr75ktVi1Tj6jR+GcUNsZdG2K7ab0ealnSyTDaheikmX0ypIPVvz4nKkkidh4AEd5fLlVrCwQfmnqgJdrVbLblWmp6f7+vqazaZkHX4auzjmx77OOXrOzs709PQODGjcbhSTr61UUhW3FxzZv45UI5RaH3d+GlvluAqom/6/M5/5yo88z3v88H1aCatxyyUKZTLL02nM2yrftEINuNzNXKsPULQgYrjt1i26Cas9PQEr7A6t11s72yrH1Q8uc7ab1amRAS2Da/SugvRiQcPY2Fi4PDU1ZaFGAu4M+tVPvh1X6O52Vmv6dF9fX7Op1xsN20oreRH7pcR97WY3c7NWQBsMr12um+Rq0DA2Nhb98MReAgCAGgivghwZWqWb9mrQ0M4Q4X9PHmtbWYDIzO9me3t7zi6qXgi5ZXh7ofUBgDZYWLwcLKxboz3SwIWQAAB0kJdPngoWlvVpX9eYniA6N3Hq1Knon86ePbtqlWxAY35+vtVqnTkju6ny/PnzmvUE7FtcXPC8lnpvlPdqoDgqx1VA0SOHn/Y87/ZbN+foUfGgIbgWMjpV8corr0RXOHHiRPR6yaSLFy92d3efO3dOss7sqd/qVtSiT3z4C//0z19LLovWsV5ouZkgtLCw0N3d9dprF6JvShp5ycIrqe8DRVM5rgJaervmY+d3FfG7J5JXNtxwww2Sl0kqDyHpOxmPbvbtOvjUs0cyKmvP5s2bwhI3b94kWidf5qJtkWeY2QLhCqI15TkU2sL7dh2MvmzbrjTcqJmZ2d7entjDnZ569ogo2y3Der/sAtjCw51g1X97nrf1rdddf/2Qbsqr1zSUe7tEOyOGIkqMnjXDnGOnUsP8DStcdAs/9eyR8J/FDc8stKBs27YJANBOly5duQpyZDjPsw+Ez2nwuH0ZeUm+rAMASnT63HywsLp/aY7k5dxymRScY8L/w/ejJ57w/egoffBm8st97IyV/OIYPauJUqn8NVwhVu3km+oZSqqquHKyDVO3N1rbZIspto9KlWKVEVVDVJyoevJKxv6aXJ6499OpFfOIewDU1EOPPhks9DTy3D7p3GOkY0fq1Il80ex+5kkifCkqMfPcmXoWST17iU5pKhkakjRL6kv13HJUWGWHesbtkyPVvl0H/+WJb4TXNBAiAOgc9+/PeYWWc89pULnEL1yWnAuj3/XlJ4PUVPI8c7OeYSqLl0Pmq3A0ldY1m6Li5Psls5LJ0ZckIgYAnWNI/wHSAQsjDY99W+MxeY9OFvgsyCJOwNbzrNwVdooVFs1BqOeQY2V5Kvm0S3JuCwA6xMZ1K/MlbPf0hO/7vu8XlHkRR3/reVbuFKVYYckFH1qzIaJ8ope8JNfJ16rB9AShA4AOMb9wKVgYGdb+1YmAhaDh0cljvu+Pjo4GL+fm5hqNRn9/+r0cJ7wT5iXWUi1PWi5cKJAcWohJvcYCAOpndu61YGH50p58Odi5psH3/cnXjY+PT0xMTArkG2ZITmlnrhOuppI2+tfM2XHNuitVUivn1JOf4jlPsTWidyJYbAFRtorFSYYZRKkkYxKVmycCAEN/8pUfep63712bu7u78uXg3N0TItETg3wEO/oyNa38tKSYp3w19TfVz/TyaEb9W3JqayRrJWoxra/jitmaF5e7VUVJGHgAUFdDa3Ne0OB5Xler1bJYFU/tcaf8NLau4s5hjpwdS6lG6mOkJfXhp7FRFh4jDSsOHDrqed7nJ3fs2jqSLwfnbrlEqoJuziyR5BbK0rlWHwCwaGQozwOkA5WZnoBoRr+iVOabSlGnRgaA0PkLC8HC+mb+6YlyggaGefMp4lHfJT4+vPQfN+m5lDLkW3qtAKAIH/3y94OF3p4luTNhegIAgE5x+61bTJITNAAA0ClM5iY8ggYAADrHhiGCBgAAIHb58pXHK2wayvkA6QBBAwAANXf67MVgobl6mUk+BA0AANTcg48+GSwsWWJ03idoAACgI7x/93WGORA0AADQEUYG8z8LMkDQAABAR9i03ugqSI+gAQCAeltYvBwsbB5mpAEAAIjNzp0PFlYs6zXMiqABAIA6+/Rf/dDzvK3XD3Z3dxlmRdAAAED9bdk4YJ4JQQMAAPW3edj0KkiPoAEAgE6w2fjWCY+gAQCAGjt/YSFYuJagAQAASHz0y98PFgwfIB0gaAAAoOb27thkJR+CBgAAam7E7BexQwQNAADU3KYh02dBBggaAACoOStXQXoEDQAA1NXc6QvBwuDaFVYyJGgAAKCeHnr0Sc/z3nnDkK0MCRoAAKizDetW2sqKoAEAgDrbOEjQAAAAFIzY+NWJAEEDAAB1pjjS8Ni3t8/+4hfydQgaAACooQOHjgYLq/uXZq782Le3e573jWcnzp48KVmNoAEAgNras13jAdLX/OJtS9eskaxA0AAAQG0NKzyhIRhm8DzvtlvHG729kjUJGgAAqC31+y03/vzWt9x5p3wdggYAAGprZDjjVyfCYYb37T+QmRtBAwAAdTO/cClYGG7KRhpeO3UqWBg9vmds797MbAkaAACom4lHvhcsLOtrSFb76hP7goXbDz6oki1BAwAA9XTne66T/DUcZrju+N6hm9+qkiFBAwAA9SS/dSIcZvjYX3xNMUOCBgAA6mmDwrMg3/byXeoZEjQAAFBPkgdIhzdN3PXIl9UzJGgAAKBWTp+9GCysu2a5fM1bXv2Q/GlOMQQNAADUygN//u+e5+3eNrJkSfpZPhxmeO8nlG6aCBE0AABQQ+tWL0t9f+bFl4KF3acnV6xrauVJ0AAAQA0NrU2/oOHvf/KRYOHdH/+4bp4EDQAA1FDqVZDhxMT+xU8tGxjQzZOgAQCA+rh8uRUsjAwJf3Ximv+5+daH9K5mCBA0AABQH/d//olgYdXKvtifwmGG3Te+P1/mBA0AANTN/p1bRH8aPL7tHQfH82VL0AAAQN0Mrok/oeHqMMP2D+TOlqABAIC6GVr7hqBh/uy5YGHj8XffdO/dubMlaAAAoG42DL7hKsivfGdPsHDbXR8zyZagAQCAmlhYvBwsrF+Xcr/lxp/v3PyuW0zyJ2gAAKAmDn7xu8HCsr5G+GZ4NcMDj/6tYf4EDQAA1MoH94wl33zz1H6t36ZKRdAAAECtDEZ+3DIcZrj7U58zz5mgAQCAWhluroi9c9MvP7hyeNg8Z4IGAADq4OoDpIdXBQvhMMPvf+wBK0UQNAAAUAfhA6TXDizzIhHDtpP3XzO6xUoRBA0AANTHe96xsadx9eS+/OWxvZMP2MqcoAEAgPpYt2aFFxlmuHnZDitXMwQIGgAAqI/1kQdIr/zV793x+S9YzJygAQCA+li/rj8cZti5fp/dzAkaAACovPAB0iPDV351Ys3U23f90UN2SyFoAACg8sIHSH/9O7uChV037LdeCkEDAAA18d6tQ8HC4PHt7/zwhPX8CRoAAKiJU95ng4Xb/sB+xOARNAAAUDPN4+8c27u3iJwb0RdjY1d/F2tqaqqI8gAAQBHevvUvg4U//PCfFlTE1aBhbGwsGijEXgIAADe9dnExXN58/D3Dk28pqCCmJwAAqLaP/Nm/hcMM7z/4x8UVRNAAAEBNvGlq39DNby0u/0b2Kpr+8Uf3WM8TAACIvH3rlYX3HfhIoQVlBw0//elPoy9ffPHFG2+8sbD6AACAPDb+bO9vblr4zXPPFVdEdtCwY8cOycuknxy55VL34vLWSpNqnRx8adXMxqWtFUaZbPrZ4K+N4ptzjVMXBubWzbzJJJNTK05eWrLYPLPJJJOZa070nusfmG+aZGKrVZu/ektXV/6JrfM9tGoiE1r1jWjVGFo1pk6tunhpcWbLC4MvG52tLnUtLvEatz/w0KabbzDJJ5P96Yk7P/nF5cuXDw0NWc8ZsOvEiRP0VVQCfRWOuBo0TE1N8ZwGAAAg8oaRBgIFAAAgwi2XAABASVer1Sq7DgAAoAIanuAnJ+69997UBMePH3/hhRckOSomDAqNPbg6WQ2R1JVFORiWBRWpjZy7bdX3b6EdVaubpaKjop14/D+K1pD85MQTTzyRTCA61EZlJgxKiR4QtX75InVlUQ6GZaH9tPavV1hH1a2G4YbQUYtj2HTqQV5xIWy0Dp5xBBnmVnTUK3oT1dUoZV8aFqqVnM7aNskzYiB5iImulkySusvavx/NS6Sj1oB6kBco7ruWrR6iHkIZRr2iN1Fp9p/TAETxdRlOiX3Jjp3Vkp1T1F1d6Mbyb/xeWiW1PoDmUa8LrQS7rgQN6qNVruEk5BTRYINotcyVRUMXbd7pYYm5H2dCR3VEcohLPu7lLPk3/tR1wjfD5apsLNxxJWjI8ZlJHXHK3QVzDGExVeYmxbghk635UcOOGisxx8AJHdVxKrvGha9Viid7lZA9mme+qQp0rPzTE9Y7kOii8VT04HqzOMBgeAWc+RVndFSn5JtftzUUYRLCyscMikPUi6j43RMuUBlec63OiFIZN5IMSDiy07VKdKTOkIsdW9pfAbv9oQ29iz6MmIZkjjb1it/jx49nZpqZMCwxGsNqDQAmb0ASbUiyrNzT0sghX2un3mAmuuusDR01LFF3c+ioVVeVs6b5EAhRL1S4/kRIei0qgY7qMtEAQ3K4S/3KwdQQttDnNKhUTOVxDqLNUZn+SJYibxCV+qBanA4aOBCjEuiojmMHZaKJoMjpH6yiE6MS6KioNCIGqHN6pAEATHDlP2AXQQMAAFDi9PQEAABwB0EDAABQ8v8IS5DCFDTUzgAAAABJRU5ErkJggg=="
                                height="200"
                width="700"
                margin="0 auto"/>
    
    
        <p style="width: 100%; text-align:center;">
      <a style="color:#0d0d0d;font-family:-apple-system, BlinkMacSystemFont, &#039;Segoe UI&#039;, Roboto, Oxygen-Sans, Cantarell, &#039;Helvetica Neue&#039;, sans-serif;; text-decoration:none; font-size: 9pt;" href="#reportTop">
          Back to top &#8593;
    </a></p>

    <hr style=" border: 0; margin-top: 50px;  height: 1px; background-image: linear-gradient(to right, rgba(231, 231, 231, 0), rgba(231, 231, 231, 1), rgba(2311, 2311, 231, 0));">

    <p style='font-size:15px;line-height:24px;margin:0 0 16px;color:&#x23;212121;font-family:-apple-system,&#x20;BlinkMacSystemFont,&#x20;&#x27;Segoe&#x20;UI&#x27;,&#x20;Roboto,&#x20;Oxygen-Sans,&#x20;Cantarell,&#x20;&#x27;Helvetica&#x20;Neue&#x27;,&#x20;sans-serif;text-align:center;font-size:13px; color:#666;padding-top:30px;margin-bottom:0;'>
        Powered by
        <a style="color:#439fe0;" rel="noreferrer" href="https://matomo.org/" title="Matomo Analytics">Matomo Analytics</a>
        <br />
        The leading open analytics platform that respects your privacy.
    </p>

        <p style='font-size:15px;line-height:24px;margin:0 0 16px;color:&#x23;212121;font-family:-apple-system,&#x20;BlinkMacSystemFont,&#x20;&#x27;Segoe&#x20;UI&#x27;,&#x20;Roboto,&#x20;Oxygen-Sans,&#x20;Cantarell,&#x20;&#x27;Helvetica&#x20;Neue&#x27;,&#x20;sans-serif;text-align:center;font-size:13px; color:#666;'>To unsubscribe from this report please follow this link: <a style="color:#439fe0;" href="__unsubscribeLink__">Unsubscribe</a>.</p>

</div>
</body>
</html>
