<html style="background-color:#edecec">

<head>
    <meta charset="utf-8">
    <meta name="robots" content="noindex,nofollow">
    <meta name="generator" content="Matomo Analytics">
</head>

<body style="color:#212121;font-family:-apple-system, BlinkMacSystemFont, 'Segoe UI', Roboto, Oxygen-Sans, Cantarell, 'Helvetica Neue', sans-serif; line-height: 24px; margin:0 auto; max-width:1000px; background-color:rgb(255, 255, 255);box-shadow: 0px 0px 5px 1px rgba(0,0,0,0.75);">

<a name="reportTop"></a>

<table style="width:100%; background-color: &#x23;3450A3; color: &#x23;fff; padding:10px 0; margin: 0 0 25px 0; height:64px;">
    <tr>
        <td>
            <a style="color:#212121;font-family:-apple-system, BlinkMacSystemFont, 'Segoe UI', Roboto, Oxygen-Sans, Cantarell, 'Helvetica Neue', sans-serif;; font-size:16px;padding:0 15px;padding-bottom: 8px;color: &#x23;fff;height: 22px;display: inline-block;vertical-align: inherit;" rel="noreferrer noopener" target="_blank" href="http://example.com/piwik/tests/PHPUnit/proxy/">
                                    <img src="http://example.com/piwik/tests/PHPUnit/proxy//plugins/Morpheus/images/logo-email.png" height="30px" width="auto" alt="Matomo,&#x20;free&#x2F;libre&#x20;analytics&#x20;platform" />
                            </a>
        </td>
        <td align="right">
                        <a style="color:#212121;font-family:-apple-system, BlinkMacSystemFont, 'Segoe UI', Roboto, Oxygen-Sans, Cantarell, 'Helvetica Neue', sans-serif;; font-size:16px; padding:0 15px; color: &#x23;fff" title="View Web Analytics reports for A very long name for a very tiny test site, that also reaches the 90 character limit fully." target="_blank" href="http://example.com/piwik/tests/PHPUnit/proxy/index.php?module=CoreHome&action=redirectToCoreHomeIndex&idSite=1&period=day&date=today-date-removed-in-tests">
                Dashboard
            </a>
                    </td>
    </tr>
</table>

<div style="margin:0 20px 25px 20px;">

    <h2 style='color:#212121;font-family:-apple-system, BlinkMacSystemFont, &#039;Segoe UI&#039;, Roboto, Oxygen-Sans, Cantarell, &#039;Helvetica Neue&#039;, sans-serif; color:#37474f; line-height:30px; margin:25px 0 15px 0;'>
        Hello,
    </h2>

    <p style='font-size:15px;line-height:24px;margin:0 0 16px;color:#212121;font-family:-apple-system, BlinkMacSystemFont, &#039;Segoe UI&#039;, Roboto, Oxygen-Sans, Cantarell, &#039;Helvetica Neue&#039;, sans-serif;'>
                Please find below your day report for A very long name for a very tiny test site, that also reaches the 90 character limit fully.
                <br />Mail Test report (previous10)
        <br />Date range: week April 4 – 10, 2011
        <br />Sent from http://example.com/piwik/tests/PHPUnit/proxy/.
    </p>

    
    
<h2 id="Actions_getPageTitles" style=" color:#0d0d0d;font-family:-apple-system, BlinkMacSystemFont, &#039;Segoe UI&#039;, Roboto, Oxygen-Sans, Cantarell, &#039;Helvetica Neue&#039;, sans-serif; font-size: 24pt; font-weight:normal; margin:45px 0 30px 0;">
    Page titles
</h2>

            <img alt=""
                                    src="data:image/png;base64,iVBORw0KGgoAAAANSUhEUgAAArwAAADICAIAAACF9KXqAAAACXBIWXMAAA7EAAAOxAGVKw4bAAAgAElEQVR4nO3de3AcR50H8NFrd6W1rNdKK0uWrNVG1iuWFb9fsp04dhznZZsEmwTOEArzcBWvPIACjuW4FHdcruD+CHcVruBS/JG4iiOB41LU5bgi58rxMnWGAy4hkZQHkqLTOsbY60ir1/0xqfFkZrqn59HTPbPfT7lcq93p7t/09Mz0ds/slC0vLysm2Wx2dHTU/D4AAACUrHLzW9lsNvg4AAAAQHLGTgPGGAAAAMDS2zoN6DEAAAAASaX2itRjmJiY0P85PT3d2trKO6xCoZBIJCoqKngXBKVsdna2vLw8FouJDgSirFgsLi0tJRIJ0YFAlC0uLs7OziaTSd4FVer/0F/NIHbUoVgsVlVVodMAXBWLxcrKSnQagKuFhYWFhQV0GoCrxcXFYrEYQKehTM67J8bGxtLpdADrD6VsYmIiHo+nUinRgUCU5fP5ubm59vZ20YFAlBUKhenp6e7ubt4FWdw9AQAAAGBWab8IB795cYa+wOTU5fOFqurElWDigdI0k/9TLFb1+gWLwbZIuranWXQIABBu1iMNuIcCAAAADDA9AQAAAEzQafDkjoPbgs/wjoPb1H/+Fh2AMMYcOqhkAOBHlk6D5ZFOfRMHQb07Dm773g9/qv6zXTKYkBipkSvkwOgBc10drR8WcG+MR1nf++FPZdv0ABAZsnQaKGzPjqHj4zGdklWQ9Wa7RlqPwTXeq6N1xYI86XJaKfQbAIATWToN5sPc8cN7o9ddgFDASRcAwJKYWy4d0X9J1Q7l+ndsXxuyImWivk8py/C+ZYS2MRvmXCgdI8s4tf+1gClxqssYToGOSjSsr7YK+uqyXSNHwwykgC2rVFvA0SZwilR75jBIxZHC89i2KZvVsk4AADwKQadBY9sn8JKJIUP2xZwWx3g0tyzUkNZFVuY/6SWS0roIgx09YO+bwJdgSGG4K85FKsbNCgDgI1mmJ5S3jwl/+H1Hnnjqx/pPDcdE8wCy+RsqqRTLTCjHX/2XaUfHZXM+rhN6GS13cQbSdwhc5+kafSzE4yZgqUlDl4g9DFJxhnLp53t3bRs9BgAIgA8jDUc/8ST7wt/96hHXBVkeNG2HpkNKnjl1eSJxhzF+ylC/oxpwV10u2rZ5Qg0AgLegpydyuVwul3OXtqQOjpKsrNO5AAkx1iRpMac1QBmbMV/H4DRIy1ToOgBAYHzoNHz3q0dyuVwmk2FZeHyc9qn25envv+Vg9EKx+voF3kVgwMYjGWrAtm1bXmMBAMCDP9c05HK5E2y8DDOYJ3q1j8wLs+RJOs6SZqDN75OyJeXDEpU5oaO07rCE6lcMlic/xnOex01AScLCdsvSi6MMM7ho2+gcA0DwwnT3hOHY6vruCZYcSNdIGt63vMzNchl9PqTMSQEwLubxi6Y5K8p6OQrDfLI0Z8UevJdN4Kgg9my9F+ciFT0JBh4AgIey5WUBzwVmeDT2VENDQ3Ui4W+5OJKKwq/mveQ8k8/HYlV1K+vEhsGDZTx4NLYQ+Xx+bm6uvb1ddCAQZYVCYXp6uru7m3dBEt1yCREWvWtNKLdQCidbPAAQGWGanoBQI83oh5SPE0P+ilIlA4BsxExP2BobG0un08lkUnQgEGUTExPxeDyVSokOBKIM0xMQAExPAAAAgFzETE8s/OFZ+gJV+anlxYaFap8vhATQq5jJl8WqFmZ9uBBSBpWr94gOAQAiDiMNAAAAwASdBgAAAGAS/U5D7557RYdAI3l4jkRpXaSFSgYAgaS75VI9Jv748YdEB2LNcMh+4dlviopENr177lVrQ3tBWoCenFNs+j8D22o8VuqFZ7/Jta4AACik6zT4gutRVZ+zqMO3bKcN7/HwXh0hW41TKeg3AIAock1PqIfCF5795t53fVZ0LEzUw7foKMAZbDUAAHdCMNKg9iT0R3nDt0bDm+o7hrOCo+Racexf5ixTmTM3B6NPTnrHkI9hBS0TshRtWQ+Gj0j50IOnIG1Ny/XVFnBUP055rxNSePQgDZ+aX5MCUzDYAACChKDToJgOypbT59pr88HaUXJzcR6DpGdu+5XXnNb2hMFetOVVCFpI3uvENjyWP9lzcxHklts/EUCduEhFrxYAACHkmp4gYbmwjjLm7DS50+/N5lSkzJ0e+s35sKRytF6M1y36OKTv4+WQ7oLUp/r597/KHgapOEO59PO9OUjz6IsZegwAIAMfRhou/Z2D322s/dgs6SP9sfXHjz+0/uBHeB8o3Z0FKYPG8nO0yqGY+GcMkrLVAqgTy1T0aRcXc2QAALwFPT2Ry+VyuRzp04DPUu4Ox+E9iDsd+Q/FmroYfdEzT0+4y0frAViOUnhpaeg6AIA8fOg01H5sNpfLZTIZpqUvjFM+1I6MU5NTYbmBIiwwKW62884HLacngmQeWjCwvMYCAEAIf65pyOVyJ9iQhhnMx8Rf/fDrtrO8lIlkW5ZTy+zJHWVOOjGQStRfhcCyPAVlep5ehOv6sTz5MW4dj/XDHqSjbBmLowwzkFJRxiRCMTcEAKUmHHdPkJCu8mO8IM6wmL/f5FhiI11JZ7mMPh/65Y2WK8VeBOkcaTsyb5k5PS0pN8NrxuAdFaQoynPf+cqW2z9hm6334lykoifBwAMACFG2vLwcfKm2j8aempxqaGhI4NHYznk/nbjIgd85jOvZMT+Tr4pV1dXZPxpbtpO0ZTx4NLac8vn83Nxce3u76EAgygqFwvT0dHd3N++CwnHLJXDlZZZH5eMNmZLwXif8yBYPAJSOcE9PgC9sf8uBPZPInMx8qRMeolTJABA6YqYnbI2NjaXT6WQyKToQiLKJiYl4PJ5KpUQHAlGG6QkIQGDTExhpAAAACLf3fO7fFEV5/K874zG+p3UxnYZLZyfpC8xPvVGYVJYSuBASOJrLn1+uqrpUVxQdCETZ7MWLxfn5S1NljlLVbmrjFA9Ez9FPPKkoSiJW/r9jbwz3tXAtCxdCAgAAhF5vZ+26Hu6Treg0AAAAhJU6zNCWqtm/JV1Rwf2cHv1Ow/CxEdEh0EgeHg/BrLKLUkpwW1CgNgKASga/9GUaW5uqAyhIuk7D8LERmXckNTztn+hwZCdbFckWj798XLvhYyPnTp+h5Ekvi2s9i9oHeZR17vSZaLdJ4E0dZtjYnz64c00wJUrXafAF1/3w3Okz2j9RO3xYDjTqiUcRGrC+aC0esWFw4tfaaT0G4ZFQ8g9+H+S0Uug3gHdr2upWpQL6hQK5Og3q0erc6TOHPn5MdCxMsMMDiIV9EEqWNsxw47auwAoNwe80qD0J0vdF7X3Dl1rDccRRcq049u8WlqnMmZuD0ScnvWPIx7CClglZirasB8NHpHxIcZqrUQuGcYvYrov5T9uqM5RFryLGFacsZl41y03G2Dwo28LQ6ihthhSY5Rq5a/aGVSMNMhniNBfKWPOUkAzBkMIgFUcKjx4kZUd49tEfUAJTCHUCwKi3q7E1lSwUCsEUF4JOg2LajfUTruYd1bx7O0puLs5jkPTMbb8kmdPaHmLYi7Y872ohea8TFfsWsV0XhXpwZylan3Ymn49VVdmewxx1mCxXzbzJnDYPR22VPTDL9XKEnq331u5LMP62cBep9p86wqPyoZSpwwydrStv3N4VZLlyTU+QkL4L6t8/Rx6ldJrc6TctcypS5k4PFuZ8WFI5Wi9SSOzVq1/e9qxAiYRlSb8OtZRVY1xx0qZhidBp83DUVhnj51GT9EhsOW1y5lS+tHB6e7ANkmVHQI8BPFpaeuv5D7s2tNfXBvoriD6MNPxy06PsC288e5L0kX5vfPprp7ef2M9712I8w1FShW7nd7TKLAtbDnuE/YuUu4bhKLnHIlxkrj8p8ivaI8ZqoeyDvrdwxlSUHeHixYvPPPKk/JUPIXLnfU8pipJuqj66rzfgooOensjlcrlcjvQp1yOpmbsdOLy7vdOx4vCuqUdeVpyxkrnWLSlzbayedwCuuRhL0/OrhZ/TXfhiXsbLcUPmyoeweHNuQX1x1/7+8nJnP0/unQ+dho1nT+ZyuUwmw7T0OO1DbV+anJoMyw0UYcH127+WOfsMRSSFYojFcpo/AmRYI9sdIaqVD0G659P/oijKumtSezd3Bl+6P9c05HK5E2xIwwzmvegnjz1jOy9ImXq0ZTkZyZ7cUeakQwmpRP2MNcvyFJQJXXoR7PXj11cxX3ivIsYVZ9k0lBqzLIJxW9CbOilzd83b8uTHuK95bO2UJCw8tnDKMAMpFWVH2H/qiLu1ADAoXHnrAXs37eoOfphBCcvdEySkK8IYv+8aFvP3VMcSG+naK8tl9PnYXgqnz8qchF4E6ajqpX74jUBQ1otSNH29GFfcvBXYK5lUBON2sYyHHr+jlaLvTewtwUtrd1QQe7bei3ORSrumwTIJBh6A3Xs++6+Kouy6rn3TQKuQAMqWl5eDL9X20diTU5MNDY3VeDS2c94PQJE/hGkrqN5yWVdXJzoiIiHbgl+hkjStgMO4ePFicX6+OUV8/KBlPHg0Npipt1kqivK5D+7Y0JfWf1QoFKanp7u7u3nHEI5bLoErL7M84C8ZtkX0LkyRoVZJZIsH5Ld5sPXaLPdHYJOEe3oCfOFo6Bu4kmRbkGb0Q0qSWjWLUiUDb+owQ3t6xe17e2JVFaLCEDM9YWtsbCydTieTAT2BA0rTxMREPB5PkceNAbzL5/Nzc3Pt7e2iA4FwUzsNO4fb7jux1fwppicAAABAUXTPpjp8Q9C/5mQgZnpi8uwl+gJvTM0rk4VEYimYeKA0nc/PVVUtF+tsWiOUrLZNtaJDALiqubEm21EvNgaMNAAAAMhLHWZYv7b55l3cZx9sodMAAAAgu8zq+o7WlaKjKIFOw8ixYdEh0EgeHg8luMquoa4CgEoGmanDDG0tyUMjWdGxKIqEnYaRY8My78NqeNo/0eHIDlXkxcix4TOnzynkaqRXL9fKF7Uj8CjrzOlzaKggua3XtqXqq0VHoSgSdhp8wfUQcOb0Oe2fqGNNWI5x6jlPCUPAskWo9Rhc85icJf/gdwROK4V+A8hJHWZIVlfefWhAdCxvkavToB4oz5w+d+zjh0THwgTHGgAFOwIAB8X5RfXFOw/0V1TIcrIOwS9Cqj0J/SFJ/21De9/wpdZwCHOUXCuO/WuNZSpz5uZg9MlJ7xjyMaygZUKWoi3rwfARKR9SnOZq1IJh3CKkFSEFTN9Glovp8/zBo88qhCpl3HyUujK0CvpWZnmftI6WFWXZhLQFHDU5p7w3M1J49CDprZESmEKoEwCBjj/4fUVR1vWkbtzeJTqWq0LQaVBMRxD9IcB8XDAfWRwlNxfnMUh65rbfz8xpbY9u7EWb60Efkvc6UbFvEcqKkAKmBEY6bWhv5vMzt57cY1mlTjefv23JKXp9em9yvgTjbzNzkYqx1QHIQHs21ciGjuq4RGdqWUY86FjOKJQBUqfJnX7JM6ciZe70OGXOhyWVo/ViPGFTqle/vO0JiRIJ42KMgZGqzsXZxXbzMbYlQ6g+nrQYe5AsnG53cypfmhm9rmyDZGmN6DGA/Hasb9s+JNfzTn3ovzy66ZfsC588u5H0kf5AcPprT+8/sZ33Xs14hqOkCt1xx9EqsyxsOewh+Xc4xrNgAJHIiXHdKTuC782MMRW9NZ4xTSACyEkbZtg61JasiYkNxiDoQY9cLpfL5UifBnykdnfsCO8Rx+kwdXjXlMIwPXHk1H7LxTit+xnddR7SVq+XcSDFv2ZGrysvOy+6DhAKw70tmwZXiY7CyIdOw8mzG3O5XCaTYVp6nPahthtPTk2G5QaKsOB6ljJ/mZOTzKfqaJChhm1bo+U1FgCSUIcZOlfV7t/eJdXVDCp/rmnI5XIn2JCGGcw78DOP/cR2StLLDLHlPCh7ckeZk45ipBL1M+Isy1NQ5pLpRbDXj1/fAhkxbneWqqMMM1iuO2Nd0Zuii2EGy5MfYyYemxwlCQuPzYwyzEBKRWmNMndnAQwaVya2r5fxcerS9WIcYbzijCW54vepjiU20mVflsvo86Ff3mi5UuxFkA7oXurH3xEI+upTFjOE8eQjz2j9BsPCpHVnrDdPq2d1sjRXIHspXpqco4LYs/VenItU9CQYeAAZqMMMG/pbjuwT/AhskrLl5eXgS7V9NPbk1GRjQ0MiIcWvZoaL92Nf6Rw98/mZqqpYXV2d6xzc1RVLKn5bQZLtK0kYGst4fHk0dj6fn5uba2+X8VsjyEbtNOzZ2PGxd29ylLBQKExPT3d3c38MZjhuuQSuvMzylBrvdeVuWiECZG5mssUDpUntMQytTd2yW4pnU1kK9/QE+MLfofVoC7KuXFz9IDNpm1mUKhkioK259prOBtFREL1teiKbvdq7GR0dFRHPW8bGxtLpdDKZFBgDRN7ExEQ8Hk+lUqIDgSjD9ASwUIcZ0k01X/jQrtaU43NfYNMTV0castmsvqNg+BMAAAC4uq63xUWPIUhXOw1BdhFefv0sfYHX/zg1VzZZXZ0IJh4oTTNv5GOxqssLrBdCdrU6uzQJAICFOsywoqby2M2yPAKbBBdCAgAACLO4uKS+uHlXtm5FXGwwtqwvhNTPTVy8eFH/0eXLl1euXOmx1CtXrtAXWFxcnJubXV5e8lgQAMXCwryiLNu2Rs2lSza3CgOYzc7Ozs/Po/EAyYk//3dFUQa6G3YPp123k9nZ2YWFhQCambHToF4LqZ+qmJyc1C8wPj6uv17SnfzF8/QFisXiwsJCRUWFx4Isve9d93/r8YfNr0nL+F6o2ExAMz8/X15e9uabs/o3KZVcMT9p+T4Axfz8/NLSUrFYFB0IyOgz//A79cWaltjlP+Uv/8llPgsLCwsLC4bzNQ9v6zRYXvzY399P+dOd+OvG3tC+ncd+9Nxp7c/JyamGhgZ+1zR0dnZoJXZ2dpCWcZe5YV0YMySlMi9AWpKeg23+XuzbeUz/J7+CzOV6KWtmJh+LVRl+3OlHz50mZdvVKulvtIHMcPcEUP1OUZRtQ213HVpfX+v+lCfgx53E3i4R2GmGU4n6s6aWs+FU6jF/jwHzruEfPXda++fjitsWyinbwFYBAEqW9gjs4d4WLz2GIBlHGvR/4pZLcIfyZR0AAPQGr0ntHA7NQJSYWy7N1HOM9r/2vv7Eo72vH6VX3zR/uTecscxfHPVnNVIqlk+1BQxhm99kz5ASKuPC5jq0XF99tOYaY6wflpAMwZDCIBVHCo8epOFT8+vjh09ZBqag3wMAnGnDDHs2dSRrYmKDYSfdz0irR2rtmgbLiXzS7L7tSUL701yi5ZK2n6osz16kUxpLhh5RqsXyT/bcXARMKp0UhrviXKTat/PYE089ol3TgC4CAAQvu7ruhs1rREfhgHS/08ByiZ/2mnIu1H/Xp58MLFPR83TN9wwt+Xg5pLuA9akcXbNJKo6+XWyDNI++mKHHAACBUYcZrutreefB/vLyMtHhOODDSMMXH3PwM3lfOGHzW5Be8DgB+55n6K6wYwyYNAfBnoOLhemp6NMu5rktAIAgVVZUbB5cJToKZ4KensjlcrlcjlPmPI7+vucZulMUY8CUCz4czYaQ8tFf8mJexl2tqtMT6DoAQJDUYYbBbNPt118jOhbHfOg0fOHE2Vwul8lkWBYeV8a9lxhJkTxpyXChgHlowcDyGgsAAK6aG2oGs+F7xK4/1zTkcrkTbNwNM5intG2X0RZjSav/1HZ23GHsTEE6ytny5Md4zmOsDf2dCD7WAClbxuIowwykVJQxidDNEwFABKjDDO0tK27dE75hBkXCuydI9CcG+gi2/k/LtPTTEmOe9MXY32Q/09N7M+zfki1rwxwVqcYcfR1nzNZ7ca5rlZQEAw8AwM/aNY1dbazP15VK2fLycvCl2j4am/fPSIcOv3OYJGdHIWFY/ow0JR48GhtcwM9Ig0YdZqivjX/p1Eh7utbHnAX8jDTIjNPNmQJRbqEUTrZ4ACAClpbe+oq+Y7jd3x5DkEIzPQGkGf2QYplvEiJKlQwA8rjzvqcURRnubbk9nFczqMR0GmyHeZeujKVb0slkMph4woLHT30L/Plw4Q83qVqciMfjqdTbLmAWHhUARI/2o9E9axpamkJ8asP0BAAAQBC2XLtq35Yw/Wi0GToNAAAAHGnDDL1djaEeZlDQaQAAAAhA75rG67d0io7CK3QaAAAAeNGGGbavb6uvDf3vCKDTAAAAwFdrU83NI1nRUfgAnQYAAAAutGGG4zcPVFVG4YQbhXUAAACQ1rXXpHZv7BAdhT/w404AAAD+U4cZ1vWkbt0dhYkJFUYaAAAAeFmZjG/obxUdhW/QaQAAAPCZOsyQXV1/YEemoiI6p9rorAkAAIBUVjWv6Ms0iY7CT+g0AAAA+EkdZkg1JA6NdEfjpglNpFYGAABALO02y4Hu1No1jWKD8R06DQAAAD4bXttyZN/a8vIy0YH4DJ0GAAAAf2jDDO3p2jWr6sQGwwM6DQAAAH7a2J++aWdGdBRcoNMAAADgA22Yoau9bnW6VmwwnKDTAAAA4Jvu1XU37ewWHQUv6DQAAAB4pQ0zbBpclaqvFhsMP+g0AAAA+CNZXXl031rRUXCETgMAAIAn2jDD3YcGY1UVYoPhCp0GAAAAH6xd03Bge5foKPjCo7EBAADcU4cZhntbRjasjtKzqSxFfPUAAAACUJ2o3La+XXQU3KHTAAAA4JI6zDDQ3bhrw+rqePQH79FpAAAA8KQ2Gd/QlxYdRRDQaQAAAHBDHWbobF2xb+uaeEzYMMNCsfjwd/b85oknAigr+mMpAAAAvtNus2xcWb2hv1VUGF98bJP64r/bv7vntT+r61jNtTh0GgAAAFxav7b5nQf7RT0CW+sx1L7c3zDbFDvM/YEX6DQAAAA4ow0zNNQl+jJNwQegdRcURWl6aXj3pttWrFtXXcf9YdzoNAAAALgx3Je+ZeSagAudef6Fr//sHvV12Z/qdizcduOXPl4oFKanpwMoHZ0GAAAAB7RhhvbmZLajPsii9QMMq36/9diHPsP7IgYDdBoAAAAcW9O28tBINrDiJs7+8h9/+0H1de0rvbu7b9n00N2Bla5BpwEAAICVNsww1NO8qnlFACUWZvIPP31QfV35Rir7x+uOPvC52IpkAEWbodMAAADg2F0H+ngXsVAsPvT4Du3P2vG+I/tPZXZu510uBToNAAAATLRhhnfd3L+iJsa7OK3HUDc+0B3r3Xfqg8nmFO9C6dBpAAAAcKC3q/GW3XyvZtBf8Jj+/eabbro7s3uEa4mM0GkAAACwpw0z7LxudU2iilMpk+d+/Y1f3au+rsyn99Yd3fnQ+zmV5QI6DQAAAKy2DbXt3sDrLkdtgCExuSZ9ufPIh+4L+I5KW+g0AAAA2FCHGYZ6mjf0p1euiPuev34+YuX4wA2Dd6y/6x2+l+IdOg0AAABMKivLtg+1+Zvnxdf+8LX/OKy+Lru0cv0fr78j93l/i/AROg0AAAA06jDDNR11uzd0JH29aUI/wFD/0rr3fOCLjZ2dPubvO3QaAAAAiLTrHxWlbPuwb1cYFC8XvvzPe9TXdeOD19Zv2Hn/ewN44pRH6DQAAADYGFqbOnz92qrKcl9y0wYYqicyqULbLcdPptcN+pIzb+g0AAAAWNOGGRKxquG+tPcM9Y+QSEx13tRzXM4LHknQaQAAAKBZ39ty214fHoGtDTDUvJZtL2Zu/8jHV7S2es82SOg0AAAAWNCGGZrqE4NZT7/frL/gsXF0/b7NRwZuu9VTcIKg0wAAAEDU0Vp72x73wwwzz7/w9Z/do74uv1i/ee6mg3/xgE+hCYBOAwAAgJE2zNDX1bRmlcubGrQBhso3mhvPd773ga/If38EHToNAAAA1qrjFUf39bhImH/ppUeeO66+rhsf2NZ146ZTxytj3B+MyRs6DQAAAG+jDTPs29rV3Jh0lHahWNQeaR2f6ugo9Nx68qOyPULCNXQaAAAALPRlGg/f0FNeXsaeRJuPiE91VBbjd+z4QM+N+/hEJwY6DQAAAFdpwwzDvS2NddXsCbUeQ+0rfZnyngMfPpVs9nTPhYTQaQAAADDaNrTqhq1djAtr3YXkyz3JYt2B/ceze/dyCkwsdBoAAADeog4zDPe19GWaUvX2wwyT5379jV/dq76uzKc3pXbtPXWKb4hCodMAAACgKLqJiaXFpd0bO2yX1wYYqs6nW8533/PgX4b9jkpb6DQAAABcNdDduGWorb42QVnm1Z/9/FvPf0RRlOrXumML1TcMHRn65OGgAhQJnQYAAICrwwzn/zh7I/lqhsJM/uGnD6qvq2ZWZZf6brv/U7EVzm7LDC90GgAAAN4ytLb5wPZMrKrC/JH+BxgqZ1prLjXefeenwvJIa7+g0wAAAKVOG2ZYXl7eMdxuuYzWY1j5cn9fzdDeT56M/BUMZug0AAAAKIqiDPWkbr9+rfl97YLHFS/3riw23nT7ezq3bgk2NFmg0wAAACVNG2aoTcY39Kf1H73y3H/900sfVRQlMdG1VL64a82Bre89ISBEaaDTAAAAoGRX1928q1v/jjbAEJtuX/Vm1133f74E5yMM0GkAAIDSpQ0zdK6q6+1qVF9r3YXqV7KJhZobN79j4LZbxcQnGXQaAACg1DXVJw7tzlZUlOsfaV15PjUYv+6WP/+02Nik8rZOQzab1V6Pjo4GHgwAAEBwtGGGge5UR6paG2CouNBUn+94/wN/i/kIg6udhmw2q+8oGP4EAACIpIFs05GRzi+f3qkoSvLVnsqF+MbWHVs/fU/p/GQTO0xPAABAKdKGGapqP/nYs4qiKMlXr2mZa7v53Seb+3pFRiYxdBoAAKBErS2+Wr3l24qixKc6KufjBwaPDx0tiUdIuCZpp+HbZ94pOgQAAIiy9cNvvUhMdGWKfYfv/wzmI2zZdxp+8Ytf6P98/vnnBwYGuMUDAAAQkPILjQ3/1znYM7Jy6Nr/ecipzo0AAAOWSURBVOF50eG4d+XKlddff/3ChQu8C7LvNGzevJnyJyf/+dRgYm5FZVksgLJ4e2PFH5YrFpsvdokOxB8TXb9MvzIkOgp/5FtGqy+k6oop0YH44FL5hcstU+mpftGB+OP11b+pn8wklqPwtQ9HAGldqplputLxvr/6G9GB+ODSpUuvvvrq4CD3p2dJOj1x4PiDnZ2dtbW1ogOBKBsfH6+pqUmn0/aLArg1PT195cqVTCYjOhAAH1ztNIyOjuJ3GgAAAIDkbSMN6CgAAAAASbnoAAAAACAcypaXl0XHAAAAACEg6YWQ7PBz16GDTQYeqVdfGX72XnE1wUpJqG+ohw9b/+DPiy+++Nvf/paSP0tCy4vJHF1h5igHy1V2XYElxa9jV2BNSyHvLCoXTcu608De2vitsD4GxXNr1nLD7sePj5tMhhZoGYZhHRW71URzkpl67DZvU8VqQz/11FPmxUitiD2h5UN/HD0JyFEOlqtMqQfQWFasu3wM73BqWorVlvXetCw6DY5aG0vcJLYJ/TpQsm9m7H4e+d4NV8S1QMswLM/oJGhO/Ohr0lBLhm8IlGM9qbkGWe3edxlHOVgujC6pO4Z2YtvezEl487hlLZNbdBpIxcjQsOhf0RSrIB11DLH7+c7FJpOkBbIMStGXQXMSQj+ioz+OMybH9Bmw07cW2/YWjaZVGaLVoH9Fs1xGe1N7HZaVjQbXmwzAR2HpMfgy9I29iQetYg2jCOx9/bBvGi1+4oWQ7BcB8MN4sreNkH0Kx1B6qLexEH5tMn2GMmwFcxhOA5NkRaJEG+Z1NGdkizIBzJhKH6GjQr20EFz7Ij8hTcs7Q9Midhr8+iLoZYXpYwb8YPdzzcdN5tdWwNG8pBgGsZwmd/cFQ/HcQjDAID+PZx8hTcs7c6jcb7n0d4UDqD7sfv5yV5k+bgUeR3OMV0kiAnXr/XoLtDHevA80yo+9adnfPSEt70Mg2P0Cxli9kmwFHM3DyNGl6YYbLugby/J+nBdffNG2FNuEhoBHR0dHHT4JiD0Hy1V2VA+g58sFcwE0LW3Lem9aZd3d3YxXDpoTk4JWfPqdBpbALKOyTcWSP6kUeoWwxBNVfm0ylq2gBNICSWEw9g/QnMBf6IZKJUqbg31dSvdnpKO0vUE4NCfgDW1MNpHZIo5WpEQ7DZHZ2CADNCcAKBEl2mkAAAAAp/BobAAAAGCCTgMAAAAwQacBAAAAmPw/Pj9YC32V94QAAAAASUVORK5CYII="
                                height="200"
                width="700"
                margin="0 auto"/>
    
    
        <p style="width: 100%; text-align:center;">
      <a style="color:#0d0d0d;font-family:-apple-system, BlinkMacSystemFont, &#039;Segoe UI&#039;, Roboto, Oxygen-Sans, Cantarell, &#039;Helvetica Neue&#039;, sans-serif;; text-decoration:none; font-size: 9pt;" href="#reportTop">
          Back to top &#8593;
    </a></p>

    <hr style=" border: 0; margin-top: 50px;  height: 1px; background-image: linear-gradient(to right, rgba(231, 231, 231, 0), rgba(231, 231, 231, 1), rgba(2311, 2311, 231, 0));">

    <p style='font-size:15px;line-height:24px;margin:0 0 16px;color:&#x23;212121;font-family:-apple-system,&#x20;BlinkMacSystemFont,&#x20;&#x27;Segoe&#x20;UI&#x27;,&#x20;Roboto,&#x20;Oxygen-Sans,&#x20;Cantarell,&#x20;&#x27;Helvetica&#x20;Neue&#x27;,&#x20;sans-serif;text-align:center;font-size:13px; color:#666;padding-top:30px;margin-bottom:0;'>
        Powered by
        <a style="color:#439fe0;" rel="noreferrer" href="https://matomo.org/" title="Matomo Analytics">Matomo Analytics</a>
        <br />
        The leading open analytics platform that respects your privacy.
    </p>

        <p style='font-size:15px;line-height:24px;margin:0 0 16px;color:&#x23;212121;font-family:-apple-system,&#x20;BlinkMacSystemFont,&#x20;&#x27;Segoe&#x20;UI&#x27;,&#x20;Roboto,&#x20;Oxygen-Sans,&#x20;Cantarell,&#x20;&#x27;Helvetica&#x20;Neue&#x27;,&#x20;sans-serif;text-align:center;font-size:13px; color:#666;'>To unsubscribe from this report please follow this link: <a style="color:#439fe0;" href="__unsubscribeLink__">Unsubscribe</a>.</p>

</div>
</body>
</html>
