<?xml version="1.0" encoding="utf-8" ?>
<result>
	<row>
		<type>metric</type>
		<category>Visitors</category>
		<name>Actions In Visit</name>
		<segment>actions</segment>
	</row>
	<row>
		<type>metric</type>
		<category>Visitors</category>
		<name>Days since first visit</name>
		<segment>daysSinceFirstVisit</segment>
	</row>
	<row>
		<type>metric</type>
		<category>Visitors</category>
		<name>Days since last Ecommerce order</name>
		<segment>daysSinceLastEcommerceOrder</segment>
	</row>
	<row>
		<type>metric</type>
		<category>Visitors</category>
		<name>Days since last visit</name>
		<segment>daysSinceLastVisit</segment>
	</row>
	<row>
		<type>metric</type>
		<category>Visitors</category>
		<name>Events</name>
		<segment>events</segment>
		<acceptedValues>To select all visits who triggered an Event, use: &amp;segment=events&gt;0</acceptedValues>
	</row>
	<row>
		<type>metric</type>
		<category>Visitors</category>
		<name>Local time — minute (start of visit)</name>
		<segment>visitLocalMinute</segment>
		<acceptedValues>0, 1, 2, 3, ..., 67, 57, 58, 59</acceptedValues>
	</row>
	<row>
		<type>metric</type>
		<category>Visitors</category>
		<name>Number of Interactions</name>
		<segment>interactions</segment>
		<acceptedValues>Any positive integer</acceptedValues>
	</row>
	<row>
		<type>metric</type>
		<category>Visitors</category>
		<name>Number of Internal Searches</name>
		<segment>searches</segment>
		<acceptedValues>To select all visits who used internal Site Search, use: &amp;segment=searches&gt;0</acceptedValues>
	</row>
	<row>
		<type>metric</type>
		<category>Visitors</category>
		<name>Number of visits</name>
		<segment>visitCount</segment>
	</row>
	<row>
		<type>metric</type>
		<category>Visitors</category>
		<name>Seconds since first visit</name>
		<segment>secondsSinceFirstVisit</segment>
	</row>
	<row>
		<type>metric</type>
		<category>Visitors</category>
		<name>Seconds since last Ecommerce order</name>
		<segment>secondsSinceLastEcommerceOrder</segment>
	</row>
	<row>
		<type>metric</type>
		<category>Visitors</category>
		<name>Seconds since last visit</name>
		<segment>secondsSinceLastVisit</segment>
	</row>
	<row>
		<type>metric</type>
		<category>Visitors</category>
		<name>Visit Duration (in seconds)</name>
		<segment>visitDuration</segment>
	</row>
	<row>
		<type>metric</type>
		<category>Visitors</category>
		<name>Visitor IP</name>
		<segment>visitIp</segment>
		<acceptedValues>13.54.122.1. &lt;/code&gt;Select IP ranges with notation: &lt;code&gt;visitIp&gt;13.54.122.0;visitIp&lt;13.54.122.255</acceptedValues>
		<permission>1</permission>
	</row>
	<row>
		<type>dimension</type>
		<category>Visitors</category>
		<name>Browser</name>
		<segment>browserName</segment>
		<acceptedValues>FireFox, Internet Explorer, Chrome, Safari, Opera etc.</acceptedValues>
	</row>
	<row>
		<type>dimension</type>
		<category>Visitors</category>
		<name>Browser code</name>
		<segment>browserCode</segment>
		<acceptedValues>FF, IE, CH, SF, OP etc.</acceptedValues>
	</row>
	<row>
		<type>dimension</type>
		<category>Visitors</category>
		<name>Browser engine</name>
		<segment>browserEngine</segment>
		<acceptedValues>Trident, WebKit, Presto, Gecko, Blink, etc.</acceptedValues>
		<suggestedValuesCallback>\DeviceDetector\Parser\Client\Browser\Engine::getAvailableEngines</suggestedValuesCallback>
	</row>
	<row>
		<type>dimension</type>
		<category>Visitors</category>
		<name>Browser version</name>
		<segment>browserVersion</segment>
		<acceptedValues>1.0, 8.0, etc.</acceptedValues>
	</row>
	<row>
		<type>dimension</type>
		<category>Visitors</category>
		<name>Device brand</name>
		<segment>deviceBrand</segment>
		<acceptedValues>2E, 3GNET, 3GO, 3Q, 4Good, 4ife, 7 Mobile, 10moons, 360, 8848, A1, Accent, Ace, Acer, Acteck, actiMirror, Adronix, Advan, Advance, AFFIX, AfriOne, AGM, AG Mobile, AIDATA, Ainol, Airis, Airness, AIRON, Airpha, Airtel, Airties, AIS, Aiuto, Aiwa, Akai, AKIRA, Alba, Alcatel, Alcor, ALDI NORD, ALDI SÜD, Alfawise, Aligator, AllCall, AllDocube, ALLINmobile, Allview, Allwinner, Alps, Altech UEC, Altice, altron, AMA, Amazon, AMCV, AMGOO, Amigoo, Amino, Amoi, Andowl, Angelcare, Anker, Anry, ANS, AOC, Aocos, AOpen, Aoro, Aoson, AOYODKG, Apple, Aquarius, Archos, Arian Space, Ark, ArmPhone, Arnova, ARRIS, Artel, Artizlee, ArtLine, Asano, Asanzo, Ask, Aspera, Assistant, Astro, Asus, AT&amp;T, Athesi, Atmaca Elektronik, ATMAN, ATOL, Atom, Attila, Atvio, Audiovox, AURIS, Autan, AUX, Avaya, Avenzo, AVH, Avvio, Awow, Axioo, AXXA, Axxion, AYYA, Azumi Mobile, b2m, Backcell, BangOlufsen, Barnes &amp; Noble, BBK, BB Mobile, BDF, BDQ, BDsharing, Beafon, Becker, Beeline, Beelink, Beetel, Beista, Bellphone, Benco, Benesse, BenQ, BenQ-Siemens, BenWee, Benzo, Beyond, Bezkam, BGH, Bigben, BIHEE, BilimLand, Billion, Billow, BioRugged, Bird, Bitel, Bitmore, Bittium, Bkav, Black Bear, Black Fox, Blackpcs, Blackview, Blaupunkt, Bleck, BLISS, Blloc, Blow, Blu, Bluboo, Bluebird, Bluedot, Bluegood, BlueSky, Bluewave, BluSlate, BMAX, Bmobile, BMXC, Bobarry, bogo, Bookeen, Boost, Boway, bq, BrandCode, Brandt, BRAVE, Bravis, BrightSign, Brigmton, Brondi, BROR, BS Mobile, Bubblegum, Bundy, Bush, BuzzTV, C5 Mobile, CAGI, Camfone, Canal Digital, Capitel, Captiva, Carbon Mobile, Carrefour, Casio, Casper, Cat, Cavion, Ceibal, Celcus, Celkon, Cell-C, Cellacom, CellAllure, Cellution, Centric, CG Mobile, CGV, Chainway, Changhong, Cherry Mobile, Chico Mobile, ChiliGreen, China Mobile, China Telecom, Chuwi, CipherLab, Citycall, Claresta, Clarmin, ClearPHONE, Clementoni, Cloud, Cloudfone, Cloudpad, Clout, CnM, Cobalt, Coby Kyros, Colors, Comio, Compal, Compaq, COMPUMAX, ComTrade Tesla, Concord, ConCorde, Condor, Connectce, Connex, Conquest, Contixo, Coolpad, Coopers, CORN, Cosmote, Covia, Cowon, COYOTE, CreNova, Crescent, Cricket, Crius Mea, Crony, Crosscall, Crown, Cube, CUBOT, CVTE, Cwowdefu, Cyrus, D-Link, D-Tech, Daewoo, Danew, Dany, DASS, Datalogic, Datamini, Datang, Datawind, Datsun, Dazen, DbPhone, Dbtel, Dcode, DEALDIG, Dell, Denali, Denver, Desay, DeWalt, DEXP, DEYI, DF, DGTEC, Dialog, Dicam, Digi, Digicel, DIGICOM, Digidragon, DIGIFORS, Digihome, Digiland, Digit4G, Digma, DIMO, Dinax, DING DING, DISH, Ditecma, Diva, DiverMax, Divisat, DIXON, DL, DMM, DNS, DoCoMo, Doffler, Dolamee, Dom.ru, Doogee, Doopro, Doov, Dopod, Doppio, DORLAND, Doro, DRAGON, Dragon Touch, Dreamgate, DreamStar, DreamTab, Droxio, DSIC, Dtac, Dune HD, DUNNS Mobile, Duubee, E-Boda, E-Ceros, E-tel, Eagle, Easypix, EBEN, EBEST, Echo Mobiles, ecom, ECON, ECOO, ECS, EE, EFT, EGL, Einstein, EKO, Eks Mobility, EKT, ELARI, Elecson, Electroneum, ELECTRONIA, Elekta, Element, Elenberg, Elephone, Elevate, Elong Mobile, Eltex, Ematic, Emporia, ENACOM, Energizer, Energy Sistem, Engel, ENIE, Enot, eNOVA, Entity, Envizen, Ephone, Epik One, Epson, Equator, Ergo, Ericsson, Ericy, Erisson, Essential, Essentielb, eSTAR, Eton, eTouch, Etuline, Eurocase, Eurostar, Evercoss, Everest, Everex, Evertek, Evolio, Evolveo, Evoo, EVPAD, EvroMedia, EWIS, EXCEED, Exmart, ExMobile, EXO, Explay, Extrem, EYU, Ezio, Ezze, F&amp;U, F2 Mobile, F150, Facebook, Facetel, Facime, Fairphone, Famoco, Famous, Fantec, FaRao Pro, Farassoo, FarEasTone, Fengxiang, FEONAL, Fero, FFF SmartLife, Figgers, FiGi, FiGO, FiiO, FILIX, FinePower, Finlux, FireFly Mobile, FISE, Fluo, Fly, FLYCAT, FMT, FNB, FNF, Fondi, Fonos, FOODO, FORME, Formuler, Forstar, Fortis, Fourel, Four Mobile, Foxconn, FoxxD, FPT, Freetel, Frunsi, Fuego, Fujitsu, Funai, Fusion5, Future Mobile Technology, Fxtec, G-TiDE, G-Touch, Galaxy Innovations, Garmin-Asus, Gateway, Gazer, Geanee, Gear Mobile, Gemini, General Mobile, Genesis, GEOFOX, Geotel, Geotex, GEOZON, GFive, Ghia, Ghong, Ghost, Gigabyte, Gigaset, Gini, Ginzzu, Gionee, GIRASOLE, Globex, Glofiish, GLONYX, GLX, GOCLEVER, Gocomma, GoGEN, GoldMaster, Gol Mobile, Goly, Gome, GoMobile, Google, Goophone, Gooweel, Gplus, Gradiente, Grape, Great Asia, Gree, Greentel, Gresso, Gretel, Grundig, Gtel, GTMEDIA, Guophone, H96, H133, Hafury, Haier, Haipai, Hamlet, Hammer, Handheld, HannSpree, HAOVM, Hardkernel, Harper, Hartens, Hasee, HDC, HeadWolf, Helio, HERO, HexaByte, Hezire, Hi, Hi-Level, Hiberg, High Q, Highscreen, HiHi, HiKing, HiMax, Hi Nova, Hipstreet, Hisense, Hitachi, Hitech, HKPro, HLLO, Hoffmann, Hometech, Homtom, Honeywell, Hoozo, Horizon, Horizont, Hosin, Hotel, Hot Pepper, HOTREALS, Hotwav, How, HP, HTC, Huadoo, Huagan, Huavi, Huawei, Hugerock, Humax, Hurricane, Huskee, Hykker, Hyrican, Hytera, Hyundai, Hyve, i-Cherry, I-INN, i-Joy, i-mate, i-mobile, iBall, iBerry, iBrit, IconBIT, iData, iDroid, iGet, iHunt, Ikea, IKI Mobile, iKoMo, iKon, IKU Mobile, iLA, iLife, iMan, iMars, iMI, IMO Mobile, Imose, Impression, iMuz, iNavi, INCAR, Inch, Inco, iNew, Infiniton, Infinix, InFocus, InfoKit, InFone, Inkti, InnJoo, Innos, Innostream, Inoi, iNo Mobile, iNOVA, INQ, Insignia, INSYS, Intek, Intel, Intex, Invens, Inverto, Invin, iOcean, iOutdoor, iPEGTOP, iPro, iQ&amp;T, IQM, IRA, Irbis, iReplace, Iris, iRobot, iRola, iRulu, iSafe Mobile, iStar, iSWAG, IT, iTel, iTruck, IUNI, iVA, iView, iVooMi, ivvi, iWaylink, iXTech, iYou, iZotron, JAY-Tech, Jedi, Jeka, Jesy, JFone, Jiake, Jiayu, Jinga, Jio, Jivi, JKL, Jolla, Joy, JoySurf, JPay, JREN, Jumper, Juniper Systems, Just5, JVC, JXD, K-Lite, K-Touch, Kaan, Kaiomy, Kalley, Kanji, Kapsys, Karbonn, Kata, KATV1, Kazam, Kazuna, KDDI, Kempler &amp; Strauss, Kenbo, Keneksi, Kenxinda, Khadas, Kiano, Kingbox, Kingstar, Kingsun, KINGZONE, Kiowa, Kivi, Klipad, Kocaso, Kodak, Kogan, Komu, Konka, Konrow, Koobee, Koolnee, Kooper, KOPO, Koridy, Koslam, KREZ, KRIP, KRONO, Krüger&amp;Matz, KT-Tech, KUBO, Kuliao, Kult, Kumai, Kurio, Kvant, Kyocera, Kyowon, Kzen, KZG, L-Max, LAIQ, Land Rover, Landvo, Lanin, Lanix, Lark, Laurus, Lava, LCT, Leader Phone, Leagoo, Leben, LeBest, Lectrus, Ledstar, LeEco, Leelbox, Leff, Legend, Leke, LEMFO, Lemhoov, Lenco, Lenovo, Leotec, Le Pan, Lephone, Lesia, Lexand, Lexibook, LG, Liberton, Lifemaxx, Lingwin, Linnex, Linsar, Listo, LNMBBS, Loewe, Logic, Logic Instrument, Logicom, LOKMAT, Loview, Lovme, LPX-G, LT Mobile, Lumigon, Lumitel, Lumus, Luna, Luxor, LYF, M-Horse, M-Tech, M.T.T., M3 Mobile, M4tel, MAC AUDIO, Macoox, Mafe, Magicsee, Magnus, Majestic, Malata, Mango, Manhattan, Mann, Manta Multimedia, Mantra, Mara, Marshal, Mascom, Massgo, Masstel, Master-G, Mastertech, Matrix, Maxcom, Maxfone, Maximus, Maxtron, MAXVI, Maxwest, MAXX, Maze, Maze Speed, MBI, MBOX, MDC Store, MDTV, meanIT, Mecer, Mecool, Mediacom, MediaTek, Medion, MEEG, MegaFon, Meitu, Meizu, Melrose, Memup, Meta, Metz, MEU, MicroMax, Microsoft, Microtech, Minix, Mint, Mintt, Mio, Mione, Miray, Mito, Mitsubishi, Mitsui, MIVO, MIWANG, MIXC, MiXzo, MLLED, MLS, MMI, Mobell, Mobicel, MobiIoT, Mobiistar, Mobile Kingdom, Mobiola, Mobistel, MobiWire, Mobo, Modecom, Mofut, Mosimosi, Motorola, Movic, MOVISUN, Movitel, Moxee, mPhone, Mpman, MSI, MStar, MTC, MTN, Multilaser, MwalimuPlus, MYFON, MyGica, MygPad, Mymaga, MyMobile, MyPhone, Myria, Myros, Mystery, MyTab, MyWigo, Nabi, Naomi Phone, NASCO, National, Navcity, Navitech, Navitel, Navon, NavRoad, NEC, Necnot, Nedaphone, Neffos, NEKO, Neo, neoCore, Neolix, Neomi, Neon IQ, Netgear, Netmak, NeuImage, New Balance, New Bridge, Newgen, Newland, Newman, Newsday, NewsMy, Nexa, NEXBOX, Nexian, NEXON, NEXT, Nextbit, NextBook, NextTab, NGM, NG Optics, NGpon, Nikon, NINETEC, Nintendo, nJoy, NOA, Noain, Nobby, Noblex, NOBUX, NOGA, Nokia, Nomi, Nomu, Noontec, Nordmende, NorthTech, Nos, Nothing Phone, Nous, Novex, Novey, NOVO, NTT West, NuAns, Nubia, NUU Mobile, NuVision, Nuvo, Nvidia, NYX Mobile, O+, O2, Oale, Oangcc, OASYS, Obabox, Obi, Odotpad, Odys, OINOM, Ok, Okapia, OKSI, OKWU, Olax, Ollee, OLTO, Olympia, OMIX, Onda, OneClick, OnePlus, Onix, Onkyo, ONN, ONYX BOOX, Ookee, OpelMobile, Openbox, Ophone, OPPO, Opsson, Optoma, Orange, Orbic, Orbita, Orbsmart, Ordissimo, Orion, OSCAL, OTTO, OUJIA, Ouki, Oukitel, OUYA, Overmax, Ovvi, Owwo, OYSIN, Oysters, Oyyu, OzoneHD, P-UP, Packard Bell, Paladin, Palm, Panacom, Panasonic, Pano, Pantech, PAPYRE, Parrot Mobile, Partner Mobile, PCBOX, PCD, PCD Argentina, PC Smart, PEAQ, Pelitt, Pendoo, Pentagram, Perfeo, Phicomm, Philco, Philips, Phonemax, phoneOne, Pico, PINE, Pioneer, Pioneer Computers, PiPO, PIRANHA, Pixela, Pixelphone, Pixus, Planet Computers, Ployer, Plum, PlusStyle, Pluzz, PocketBook, POCO, Point Mobile, Point of View, Polar, PolarLine, Polaroid, Polestar, PolyPad, Polytron, Pomp, Poppox, POPTEL, Porsche, Positivo, Positivo BGH, PPTV, Premio, Prestigio, PRIME, Primepad, Primux, Pritom, Prixton, PROFiLO, Proline, Prology, ProScan, Protruly, ProVision, PULID, Purism, Q-Box, Q-Touch, Q.Bell, QFX, Qilive, QLink, QMobile, Qnet Mobile, QTECH, Qtek, Quantum, Quatro, Qubo, Quechua, Quest, Quipus, Qumo, Qware, R-TV, Rakuten, Ramos, Raspberry, Ravoz, Raylandz, Razer, RCA Tablets, Reach, Readboy, Realme, RED, Redbean, Redfox, Redway, Reeder, REGAL, RelNAT, Remdun, Retroid Pocket, Revo, Revomovil, Ricoh, Rikomagic, RIM, Rinno, Ritmix, Ritzviva, Riviera, Rivo, Rizzen, ROADMAX, Roadrover, Roam Cat, Rokit, Roku, Rombica, Ross&amp;Moor, Rover, RoverPad, Royole, RoyQueen, RT Project, RugGear, Ruggex, Ruio, Runbo, Rupa, Ryte, S-TELL, S2Tel, Saba, Safaricom, Sagem, Saiet, Salora, Samsung, Samtech, Sanei, Sankey, Sansui, Santin, SANY, Sanyo, Savio, SCBC, Schneider, Schok, Scosmos, Seatel, Seeken, SEG, Sega, Selecline, Selenga, Selevision, Selfix, SEMP TCL, Sencor, Sendo, Senkatel, Senseit, Senwa, Seuic, Sewoo, SFR, SGIN, Shanling, Sharp, Shift Phones, Shivaki, Shtrikh-M, Shuttle, Sico, Siemens, Sigma, Silelis, Silent Circle, Simbans, Simply, Singtech, Siragon, Sirin Labs, SK Broadband, SKG, Sky, Skyline, Skyworth, Smadl, Smailo, Smart, Smartab, SmartBook, SMARTEC, Smart Electronic, Smartex, Smartfren, Smartisan, Smart Kassel, Smarty, Smooth Mobile, Smotreshka, SNAMI, Soda, Softbank, Soho Style, SOLE, SOLO, Solone, Sonim, SONOS, Sony, Sony Ericsson, SOSH, Soundmax, Soyes, Spark, SPC, Spectralink, Spectrum, Spice, Sprint, SQOOL, SSKY, Star, Starlight, Starmobile, Starway, Starwind, STF Mobile, STG Telecom, STK, Stonex, Storex, StrawBerry, Stream, STRONG, Stylo, Subor, Sugar, Sumvision, Sunmax, Sunmi, Sunny, Sunstech, SunVan, Sunvell, SUNWIND, SuperBOX, SuperSonic, SuperTab, Supra, Surge, Suzuki, Swipe, SWISSMOBILITY, Swisstone, Switel, SWTV, Syco, SYH, Sylvania, Symphony, Syrox, T-Mobile, T96, TAG Tech, Taiga System, Takara, Talius, Tambo, Tanix, TB Touch, TCL, TD Systems, TD Tech, TeachTouch, Technicolor, Technika, TechniSat, Technopc, TechnoTrend, TechPad, Techwood, Teclast, Tecno Mobile, TecToy, TEENO, Teknosa, Tele2, Telefunken, Telego, Telenor, Telia, Telit, Telma, TeloSystems, Telpo, TENPLUS, Teracube, Tesco, Tesla, TETC, Tetratab, teXet, ThL, Thomson, Thuraya, TIANYU, Tibuta, Tigers, Time2, Timovi, TIMvision, Tinai, Tinmo, TiPhone, TiVo, TJC, TOKYO, Tolino, Tone, Tooky, TOPDON, Topelotek, Top House, Toplux, Topsion, Topway, Torex, Torque, TOSCIDO, Toshiba, Touchmate, Touch Plus, TOX, Transpeed, TrekStor, Trevi, Trident, Trifone, Trio, Tronsmart, True, True Slim, TTEC, TTK-TV, TuCEL, Tunisie Telecom, Turbo, Turbo-X, TurboKids, TurboPad, Turkcell, TVC, TWM, Twoe, TWZ, Tymes, Türk Telekom, U-Magic, U.S. Cellular, UE, Ugoos, Uhans, Uhappy, Ulefone, Umax, UMIDIGI, Unblock Tech, Uniden, Unihertz, Unimax, Uniqcell, Uniscope, Unistrong, Unitech, UNIWA, Unknown, Unnecto, Unnion Technologies, UNNO, Unonu, Unowhy, Urovo, UTime, UTOK, UTStarcom, UZ Mobile, V-Gen, V-HOME, V-HOPE, v-mobile, VAIO, VALEM, VALTECH, Vankyo, Vargo, Vastking, VAVA, VC, VDVD, Vega, Venso, Venstar, Venturer, VEON, Verico, Verizon, Vernee, Verssed, Versus, Vertex, Vertu, Verykool, Vesta, Vestel, Vexia, VGO TEL, ViBox, Victurio, VIDA, Videocon, Videoweb, ViewSonic, Vinabox, Vinga, Vinsoc, Vios, Vipro, Virzo, Vision Touch, Vitelcom, Viumee, Vivax, VIVIMAGE, Vivo, VIWA, Vizio, Vizmo, VK Mobile, VKworld, Vodacom, Vodafone, VOGA, Volt, Vonino, Vontar, Vorago, Vorcom, Vorke, Vormor, Vortex, Voto, VOX, Voxtel, Voyo, Vsmart, Vsun, VUCATIMES, Vue Micro, Vulcan, VVETIME, Völfen, Walton, Waltter, Wanmukang, WANSA, WE, Web TV, Wecool, Weelikeit, Weimei, WellcoM, WELLINGTON, Western Digital, Westpoint, Wexler, White Mobile, Wieppo, Wigor, Wiko, Wileyfox, Winds, Wink, Winmax, Winnovo, Winstar, Wintouch, Wiseasy, WIWA, WizarPos, Wizz, Wolder, Wolfgang, Wolki, Wonu, Woo, Wortmann, Woxter, X-AGE, X-BO, X-Mobile, X-TIGI, X-View, X.Vision, X88, X96, X96Q, XCOM, Xcruiser, XElectron, XGIMI, Xgody, Xiaodu, Xiaolajiao, Xiaomi, Xion, Xolo, Xoro, Xshitou, Xtouch, Xtratech, Xwave, Yandex, Yarvik, YASIN, YELLYOUTH, YEPEN, Yes, Yestel, Yezz, Yoka TV, Yooz, Yota, YOTOPT, Youin, Youwei, Ytone, Yu, Yuandao, YU Fly, YUHO, YUMKEM, YUNDOO, Yuno, YunSong, Yusun, Yxtel, Zaith, Zamolxe, Zatec, Zealot, Zebra, Zeeker, Zeemi, Zen, Zenek, Zentality, Zfiner, ZH&amp;K, Zidoo, ZIFRO, ZIK, Zinox, Ziox, Zonda, Zonko, ZoomSmart, Zopo, ZTE, Zuum, Zync, ZYQ, Zyrex, öwn</acceptedValues>
	</row>
	<row>
		<type>dimension</type>
		<category>Visitors</category>
		<name>Device model</name>
		<segment>deviceModel</segment>
		<acceptedValues>iPad, Nexus 5, Galaxy S5, Fire TV, etc.</acceptedValues>
	</row>
	<row>
		<type>dimension</type>
		<category>Visitors</category>
		<name>Device type</name>
		<segment>deviceType</segment>
		<acceptedValues>desktop, smartphone, tablet, feature phone, console, tv, car browser, smart display, camera, portable media player, phablet, smart speaker, wearable, peripheral</acceptedValues>
	</row>
	<row>
		<type>dimension</type>
		<category>Visitors</category>
		<name>Fingerprint</name>
		<segment>fingerprint</segment>
		<acceptedValues>1eceaa833348b187 - any 16 Hexadecimal chars ID, which can be fetched from API.getLastVisitsDetails</acceptedValues>
		<permission>1</permission>
	</row>
	<row>
		<type>dimension</type>
		<category>Visitors</category>
		<name>Local time — hour (start of visit)</name>
		<segment>visitLocalHour</segment>
		<acceptedValues>0, 1, 2, 3, ..., 20, 21, 22, 23</acceptedValues>
	</row>
	<row>
		<type>dimension</type>
		<category>Visitors</category>
		<name>Operating system</name>
		<segment>operatingSystemName</segment>
		<acceptedValues>Windows, Linux, Mac, Android, iOS etc.</acceptedValues>
	</row>
	<row>
		<type>dimension</type>
		<category>Visitors</category>
		<name>Operating system code</name>
		<segment>operatingSystemCode</segment>
		<acceptedValues>WIN, LIN, MAX, AND, IOS etc.</acceptedValues>
	</row>
	<row>
		<type>dimension</type>
		<category>Visitors</category>
		<name>Operating system version</name>
		<segment>operatingSystemVersion</segment>
		<acceptedValues>XP, 7, 2.3, 5.1, ...</acceptedValues>
	</row>
	<row>
		<type>dimension</type>
		<category>Visitors</category>
		<name>Profilable</name>
		<segment>profilable</segment>
		<acceptedValues>1 for profilable (eg cookies were used), 0 for not profilable (eg no cookies were used)</acceptedValues>
	</row>
	<row>
		<type>dimension</type>
		<category>Visitors</category>
		<name>Resolution</name>
		<segment>resolution</segment>
		<acceptedValues>1280x1024, 800x600, etc.</acceptedValues>
	</row>
	<row>
		<type>dimension</type>
		<category>Visitors</category>
		<name>Site time — hour (start of visit)</name>
		<segment>visitStartServerHour</segment>
		<acceptedValues>0, 1, 2, 3, ..., 20, 21, 22, 23</acceptedValues>
	</row>
	<row>
		<type>dimension</type>
		<category>Visitors</category>
		<name>Site time — hour (time of last action)</name>
		<segment>visitServerHour</segment>
		<acceptedValues>0, 1, 2, 3, ..., 20, 21, 22, 23</acceptedValues>
	</row>
	<row>
		<type>dimension</type>
		<category>Visitors</category>
		<name>Time in UTC — date (time of last action)</name>
		<segment>visitEndServerDate</segment>
		<acceptedValues>2018-12-31, 2018-03-20, ...</acceptedValues>
	</row>
	<row>
		<type>dimension</type>
		<category>Visitors</category>
		<name>Time in UTC — day of month (time of last action)</name>
		<segment>visitEndServerDayOfMonth</segment>
		<acceptedValues>0, 1, 2, 3, ..., 29, 30, 31</acceptedValues>
	</row>
	<row>
		<type>dimension</type>
		<category>Visitors</category>
		<name>Time in UTC — day of week (time of last action)</name>
		<segment>visitEndServerDayOfWeek</segment>
		<acceptedValues>1, 2, 3, 4, 5, 6, 7</acceptedValues>
	</row>
	<row>
		<type>dimension</type>
		<category>Visitors</category>
		<name>Time in UTC — day of year (time of last action)</name>
		<segment>visitEndServerDayOfYear</segment>
		<acceptedValues>1, 2, 3, 4, ..., 365, 366</acceptedValues>
	</row>
	<row>
		<type>dimension</type>
		<category>Visitors</category>
		<name>Time in UTC — minute (start of visit)</name>
		<segment>visitStartServerMinute</segment>
		<acceptedValues>0, 1, 2, 3, ..., 56, 57, 58, 59</acceptedValues>
	</row>
	<row>
		<type>dimension</type>
		<category>Visitors</category>
		<name>Time in UTC — minute (time of last action)</name>
		<segment>visitEndServerMinute</segment>
		<acceptedValues>0, 1, 2, 3, ..., 56, 57, 58, 59</acceptedValues>
	</row>
	<row>
		<type>dimension</type>
		<category>Visitors</category>
		<name>Time in UTC — month (time of last action)</name>
		<segment>visitEndServerMonth</segment>
		<acceptedValues>1, 2, 3, ..., 11, 12</acceptedValues>
	</row>
	<row>
		<type>dimension</type>
		<category>Visitors</category>
		<name>Time in UTC — quarter (time of last action)</name>
		<segment>visitEndServerQuarter</segment>
		<acceptedValues>1, 2, 3, 4</acceptedValues>
	</row>
	<row>
		<type>dimension</type>
		<category>Visitors</category>
		<name>Time in UTC — second (Time of last action)</name>
		<segment>visitEndServerSecond</segment>
		<acceptedValues>0, 1, 2, 3, ..., 58, 59</acceptedValues>
	</row>
	<row>
		<type>dimension</type>
		<category>Visitors</category>
		<name>Time in UTC — week of year (time of last action)</name>
		<segment>visitEndServerWeekOfYear</segment>
		<acceptedValues>1, 2, 3, 4, ..., 51, 52, 53</acceptedValues>
	</row>
	<row>
		<type>dimension</type>
		<category>Visitors</category>
		<name>Time in UTC — year (time of last action)</name>
		<segment>visitEndServerYear</segment>
		<acceptedValues>2016, 2017, 2018, ..., 9998, 9999</acceptedValues>
	</row>
	<row>
		<type>dimension</type>
		<category>Visitors</category>
		<name>User ID</name>
		<segment>userId</segment>
		<acceptedValues>any non empty unique string identifying the user (such as an email address or a username).</acceptedValues>
		<permission>1</permission>
	</row>
	<row>
		<type>dimension</type>
		<category>Visitors</category>
		<name>Visit Ecommerce status at the end of the visit</name>
		<segment>visitEcommerceStatus</segment>
		<acceptedValues>none, ordered, abandonedCart, orderedThenAbandonedCart. For example, to select all visits that have made an Ecommerce order, the API request would contain &quot;&amp;segment=visitEcommerceStatus==ordered,visitEcommerceStatus==orderedThenAbandonedCart&quot;</acceptedValues>
	</row>
	<row>
		<type>dimension</type>
		<category>Visitors</category>
		<name>Visit ID</name>
		<segment>visitId</segment>
		<acceptedValues>Any integer.</acceptedValues>
		<permission>1</permission>
	</row>
	<row>
		<type>dimension</type>
		<category>Visitors</category>
		<name>Visit converted a specific Goal Id</name>
		<segment>visitConvertedGoalId</segment>
		<acceptedValues>1, 2, 3, etc.</acceptedValues>
	</row>
	<row>
		<type>dimension</type>
		<category>Visitors</category>
		<name>Visit converted at least one Goal</name>
		<segment>visitConverted</segment>
		<acceptedValues>0, 1</acceptedValues>
	</row>
	<row>
		<type>dimension</type>
		<category>Visitors</category>
		<name>Visit type</name>
		<segment>visitorType</segment>
		<acceptedValues>new, returning, returningCustomer. For example, to select all visitors who have returned to the website, including those who have bought something in their previous visits, the API request would contain &quot;&amp;segment=visitorType==returning,visitorType==returningCustomer&quot;</acceptedValues>
	</row>
	<row>
		<type>dimension</type>
		<category>Visitors</category>
		<name>Visitor ID</name>
		<segment>visitorId</segment>
		<acceptedValues>34c31e04394bdc63 - any 16 Hexadecimal chars ID, which can be fetched using the Tracking API function getVisitorId()</acceptedValues>
		<permission>1</permission>
	</row>
	<row>
		<type>dimension</type>
		<category>Visitor location</category>
		<name>City</name>
		<segment>city</segment>
		<acceptedValues>Sydney, Sao Paolo, Rome, etc.</acceptedValues>
	</row>
	<row>
		<type>dimension</type>
		<category>Visitor location</category>
		<name>Continent</name>
		<segment>continentCode</segment>
		<acceptedValues>eur, asi, amc, amn, ams, afr, ant, oce</acceptedValues>
	</row>
	<row>
		<type>dimension</type>
		<category>Visitor location</category>
		<name>Country</name>
		<segment>countryName</segment>
		<acceptedValues>Germany, France, Spain, ...</acceptedValues>
	</row>
	<row>
		<type>dimension</type>
		<category>Visitor location</category>
		<name>Country code</name>
		<segment>countryCode</segment>
		<acceptedValues>ISO 3166-1 alpha-2 country codes (de, us, fr, in, es, etc.)</acceptedValues>
	</row>
	<row>
		<type>dimension</type>
		<category>Visitor location</category>
		<name>Language</name>
		<segment>languageCode</segment>
		<acceptedValues>de, fr, en-gb, zh-cn, etc.</acceptedValues>
	</row>
	<row>
		<type>dimension</type>
		<category>Visitor location</category>
		<name>Latitude</name>
		<segment>latitude</segment>
		<acceptedValues>-33.578, 40.830, etc.&lt;br/&gt;You can select visitors within a lat/long range using &amp;segment=lat&gt;X;lat&lt;Y;long&gt;M;long&lt;N.</acceptedValues>
	</row>
	<row>
		<type>dimension</type>
		<category>Visitor location</category>
		<name>Longitude</name>
		<segment>longitude</segment>
		<acceptedValues>-70.664, 14.326, etc.</acceptedValues>
	</row>
	<row>
		<type>dimension</type>
		<category>Visitor location</category>
		<name>Region</name>
		<segment>regionCode</segment>
		<acceptedValues>01 02, OR, P8, etc.&lt;br/&gt;eg. region=BFC;country=fr</acceptedValues>
	</row>
	<row>
		<type>dimension</type>
		<category>Custom Variables</category>
		<name>Custom Variable name (scope visit)</name>
		<segment>customVariableName</segment>
		<unionOfSegments>
			<row>customVariableName1</row>
			<row>customVariableName2</row>
			<row>customVariableName3</row>
			<row>customVariableName4</row>
			<row>customVariableName5</row>
		</unionOfSegments>
	</row>
	<row>
		<type>dimension</type>
		<category>Custom Variables</category>
		<name>Custom Variable name 1 (scope visit)</name>
		<segment>customVariableName1</segment>
	</row>
	<row>
		<type>dimension</type>
		<category>Custom Variables</category>
		<name>Custom Variable name 2 (scope visit)</name>
		<segment>customVariableName2</segment>
	</row>
	<row>
		<type>dimension</type>
		<category>Custom Variables</category>
		<name>Custom Variable name 3 (scope visit)</name>
		<segment>customVariableName3</segment>
	</row>
	<row>
		<type>dimension</type>
		<category>Custom Variables</category>
		<name>Custom Variable name 4 (scope visit)</name>
		<segment>customVariableName4</segment>
	</row>
	<row>
		<type>dimension</type>
		<category>Custom Variables</category>
		<name>Custom Variable name 5 (scope visit)</name>
		<segment>customVariableName5</segment>
	</row>
	<row>
		<type>dimension</type>
		<category>Custom Variables</category>
		<name>Custom Variable name (scope page)</name>
		<segment>customVariablePageName</segment>
		<unionOfSegments>
			<row>customVariablePageName1</row>
			<row>customVariablePageName2</row>
			<row>customVariablePageName3</row>
			<row>customVariablePageName4</row>
			<row>customVariablePageName5</row>
		</unionOfSegments>
	</row>
	<row>
		<type>dimension</type>
		<category>Custom Variables</category>
		<name>Custom Variable name 1 (scope page)</name>
		<segment>customVariablePageName1</segment>
	</row>
	<row>
		<type>dimension</type>
		<category>Custom Variables</category>
		<name>Custom Variable name 2 (scope page)</name>
		<segment>customVariablePageName2</segment>
	</row>
	<row>
		<type>dimension</type>
		<category>Custom Variables</category>
		<name>Custom Variable name 3 (scope page)</name>
		<segment>customVariablePageName3</segment>
	</row>
	<row>
		<type>dimension</type>
		<category>Custom Variables</category>
		<name>Custom Variable name 4 (scope page)</name>
		<segment>customVariablePageName4</segment>
	</row>
	<row>
		<type>dimension</type>
		<category>Custom Variables</category>
		<name>Custom Variable name 5 (scope page)</name>
		<segment>customVariablePageName5</segment>
	</row>
	<row>
		<type>dimension</type>
		<category>Custom Variables</category>
		<name>Custom Variable value (scope page)</name>
		<segment>customVariablePageValue</segment>
		<unionOfSegments>
			<row>customVariablePageValue1</row>
			<row>customVariablePageValue2</row>
			<row>customVariablePageValue3</row>
			<row>customVariablePageValue4</row>
			<row>customVariablePageValue5</row>
		</unionOfSegments>
	</row>
	<row>
		<type>dimension</type>
		<category>Custom Variables</category>
		<name>Custom Variable value 1 (scope page)</name>
		<segment>customVariablePageValue1</segment>
	</row>
	<row>
		<type>dimension</type>
		<category>Custom Variables</category>
		<name>Custom Variable value 2 (scope page)</name>
		<segment>customVariablePageValue2</segment>
	</row>
	<row>
		<type>dimension</type>
		<category>Custom Variables</category>
		<name>Custom Variable value 3 (scope page)</name>
		<segment>customVariablePageValue3</segment>
	</row>
	<row>
		<type>dimension</type>
		<category>Custom Variables</category>
		<name>Custom Variable value 4 (scope page)</name>
		<segment>customVariablePageValue4</segment>
	</row>
	<row>
		<type>dimension</type>
		<category>Custom Variables</category>
		<name>Custom Variable value 5 (scope page)</name>
		<segment>customVariablePageValue5</segment>
	</row>
	<row>
		<type>dimension</type>
		<category>Custom Variables</category>
		<name>Custom Variable value (scope visit)</name>
		<segment>customVariableValue</segment>
		<unionOfSegments>
			<row>customVariableValue1</row>
			<row>customVariableValue2</row>
			<row>customVariableValue3</row>
			<row>customVariableValue4</row>
			<row>customVariableValue5</row>
		</unionOfSegments>
	</row>
	<row>
		<type>dimension</type>
		<category>Custom Variables</category>
		<name>Custom Variable value 1 (scope visit)</name>
		<segment>customVariableValue1</segment>
	</row>
	<row>
		<type>dimension</type>
		<category>Custom Variables</category>
		<name>Custom Variable value 2 (scope visit)</name>
		<segment>customVariableValue2</segment>
	</row>
	<row>
		<type>dimension</type>
		<category>Custom Variables</category>
		<name>Custom Variable value 3 (scope visit)</name>
		<segment>customVariableValue3</segment>
	</row>
	<row>
		<type>dimension</type>
		<category>Custom Variables</category>
		<name>Custom Variable value 4 (scope visit)</name>
		<segment>customVariableValue4</segment>
	</row>
	<row>
		<type>dimension</type>
		<category>Custom Variables</category>
		<name>Custom Variable value 5 (scope visit)</name>
		<segment>customVariableValue5</segment>
	</row>
	<row>
		<type>metric</type>
		<category>Behaviour</category>
		<name>Bandwidth</name>
		<segment>bandwidth</segment>
		<acceptedValues>Any number in bytes, eg. 1000</acceptedValues>
	</row>
	<row>
		<type>dimension</type>
		<category>Behaviour</category>
		<name>Action Type</name>
		<segment>actionType</segment>
		<acceptedValues>A type of action, such as: pageviews, contents, sitesearches, events, outlinks, downloads</acceptedValues>
	</row>
	<row>
		<type>dimension</type>
		<category>Behaviour</category>
		<name>Action URL</name>
		<segment>actionUrl</segment>
		<unionOfSegments>
			<row>pageUrl</row>
			<row>downloadUrl</row>
			<row>outlinkUrl</row>
			<row>eventUrl</row>
		</unionOfSegments>
	</row>
	<row>
		<type>dimension</type>
		<category>Behaviour</category>
		<name>Category (Site Search)</name>
		<segment>siteSearchCategory</segment>
	</row>
	<row>
		<type>dimension</type>
		<category>Behaviour</category>
		<name>Clicked Outlink</name>
		<segment>outlinkUrl</segment>
	</row>
	<row>
		<type>dimension</type>
		<category>Behaviour</category>
		<name>Content Interaction</name>
		<segment>contentInteraction</segment>
		<acceptedValues>The type of interaction with the content. For instance &quot;click&quot; or &quot;submit&quot;.</acceptedValues>
	</row>
	<row>
		<type>dimension</type>
		<category>Behaviour</category>
		<name>Content Name</name>
		<segment>contentName</segment>
		<acceptedValues>The name of a content block, for instance &quot;Ad Sale&quot;</acceptedValues>
	</row>
	<row>
		<type>dimension</type>
		<category>Behaviour</category>
		<name>Content Piece</name>
		<segment>contentPiece</segment>
		<acceptedValues>The actual content. For instance &quot;ad.jpg&quot; or &quot;My text ad&quot;</acceptedValues>
	</row>
	<row>
		<type>dimension</type>
		<category>Behaviour</category>
		<name>Content Target</name>
		<segment>contentTarget</segment>
		<acceptedValues>For instance the URL of a landing page: &quot;http://landingpage.example.com&quot;</acceptedValues>
	</row>
	<row>
		<type>dimension</type>
		<category>Behaviour</category>
		<name>Download URL</name>
		<segment>downloadUrl</segment>
	</row>
	<row>
		<type>dimension</type>
		<category>Behaviour</category>
		<name>Entry Page URL</name>
		<segment>entryPageUrl</segment>
	</row>
	<row>
		<type>dimension</type>
		<category>Behaviour</category>
		<name>Entry Page title</name>
		<segment>entryPageTitle</segment>
	</row>
	<row>
		<type>dimension</type>
		<category>Behaviour</category>
		<name>Exit Page Title</name>
		<segment>exitPageTitle</segment>
	</row>
	<row>
		<type>dimension</type>
		<category>Behaviour</category>
		<name>Exit Page URL</name>
		<segment>exitPageUrl</segment>
	</row>
	<row>
		<type>dimension</type>
		<category>Behaviour</category>
		<name>Keyword (Site Search)</name>
		<segment>siteSearchKeyword</segment>
	</row>
	<row>
		<type>dimension</type>
		<category>Behaviour</category>
		<name>Keyword count (Site Search)</name>
		<segment>siteSearchCount</segment>
	</row>
	<row>
		<type>dimension</type>
		<category>Behaviour</category>
		<name>Page Title</name>
		<segment>pageTitle</segment>
	</row>
	<row>
		<type>dimension</type>
		<category>Behaviour</category>
		<name>Page URL</name>
		<segment>pageUrl</segment>
	</row>
	<row>
		<type>dimension</type>
		<category>Behaviour</category>
		<name>Site time — hour</name>
		<segment>actionServerHour</segment>
	</row>
	<row>
		<type>dimension</type>
		<category>Behaviour</category>
		<name>Time in UTC — minute</name>
		<segment>actionServerMinute</segment>
		<acceptedValues>0, 1, 2, 3, ..., 56, 57, 58, 59</acceptedValues>
	</row>
	<row>
		<type>metric</type>
		<category>Events</category>
		<name>Event value</name>
		<segment>eventValue</segment>
	</row>
	<row>
		<type>dimension</type>
		<category>Events</category>
		<name>Event Action</name>
		<segment>eventAction</segment>
	</row>
	<row>
		<type>dimension</type>
		<category>Events</category>
		<name>Event Category</name>
		<segment>eventCategory</segment>
	</row>
	<row>
		<type>dimension</type>
		<category>Events</category>
		<name>Event Name</name>
		<segment>eventName</segment>
	</row>
	<row>
		<type>dimension</type>
		<category>Events</category>
		<name>Event URL</name>
		<segment>eventUrl</segment>
		<acceptedValues>The URL must be URL encoded, for example: http%3A%2F%2Fexample.com%2Fpath%2Fpage%3Fquery</acceptedValues>
	</row>
	<row>
		<type>dimension</type>
		<category>Acquisition</category>
		<name>Channel Type</name>
		<segment>referrerType</segment>
		<acceptedValues>direct, search, website, campaign</acceptedValues>
	</row>
	<row>
		<type>dimension</type>
		<category>Acquisition</category>
		<name>Keyword</name>
		<segment>referrerKeyword</segment>
		<acceptedValues>Encoded%20Keyword, keyword</acceptedValues>
	</row>
	<row>
		<type>dimension</type>
		<category>Acquisition</category>
		<name>Referrer Name</name>
		<segment>referrerName</segment>
		<acceptedValues>twitter.com, www.facebook.com, Bing, Google, Yahoo, CampaignName</acceptedValues>
	</row>
	<row>
		<type>dimension</type>
		<category>Acquisition</category>
		<name>Referrer URL</name>
		<segment>referrerUrl</segment>
		<acceptedValues>http%3A%2F%2Fwww.example.org%2Freferer-page.htm</acceptedValues>
	</row>
	<row>
		<type>metric</type>
		<category>Ecommerce</category>
		<name>Order ID</name>
		<segment>orderId</segment>
	</row>
	<row>
		<type>metric</type>
		<category>Ecommerce</category>
		<name>Order Revenue</name>
		<segment>revenueOrder</segment>
	</row>
	<row>
		<type>metric</type>
		<category>Ecommerce</category>
		<name>Product Price</name>
		<segment>productPrice</segment>
	</row>
	<row>
		<type>metric</type>
		<category>Ecommerce</category>
		<name>Revenue Left In Cart</name>
		<segment>revenueAbandonedCart</segment>
	</row>
	<row>
		<type>metric</type>
		<category>Ecommerce</category>
		<name>Viewed Product Price</name>
		<segment>productViewPrice</segment>
	</row>
	<row>
		<type>dimension</type>
		<category>Ecommerce</category>
		<name>Product Category</name>
		<segment>productCategory</segment>
		<unionOfSegments>
			<row>productCategory1</row>
			<row>productCategory2</row>
			<row>productCategory3</row>
			<row>productCategory4</row>
			<row>productCategory5</row>
		</unionOfSegments>
	</row>
	<row>
		<type>dimension</type>
		<category>Ecommerce</category>
		<name>Product Name</name>
		<segment>productName</segment>
	</row>
	<row>
		<type>dimension</type>
		<category>Ecommerce</category>
		<name>Product SKU</name>
		<segment>productSku</segment>
	</row>
	<row>
		<type>dimension</type>
		<category>Ecommerce</category>
		<name>Viewed Product Category</name>
		<segment>productViewCategory</segment>
		<unionOfSegments>
			<row>productViewCategory1</row>
			<row>productViewCategory2</row>
			<row>productViewCategory3</row>
			<row>productViewCategory4</row>
			<row>productViewCategory5</row>
		</unionOfSegments>
	</row>
	<row>
		<type>dimension</type>
		<category>Ecommerce</category>
		<name>Viewed Product Name</name>
		<segment>productViewName</segment>
	</row>
	<row>
		<type>dimension</type>
		<category>Ecommerce</category>
		<name>Viewed Product SKU</name>
		<segment>productViewSku</segment>
	</row>
</result>